95.141.32.46 - - [05/Jun/2013:00:01:38 -0700] "GET immigrationaustralia.info/index.php HTTP/1.0" 200 38543 "-" "Pingdom.com_bot_version_1.4_(http://www.pingdom.com)" 0 "x-httpd-php5-3" "/var/chroot/home/content/67/10830367/html/index.php" 693050
95.211.217.68 - - [05/Jun/2013:00:02:39 -0700] "GET immigrationaustralia.info/index.php HTTP/1.0" 200 38543 "-" "Pingdom.com_bot_version_1.4_(http://www.pingdom.com)" 0 "x-httpd-php5-3" "/var/chroot/home/content/67/10830367/html/index.php" 289912
174.34.224.167 - - [05/Jun/2013:00:03:38 -0700] "GET immigrationaustralia.info/index.php HTTP/1.0" 200 38543 "-" "Pingdom.com_bot_version_1.4_(http://www.pingdom.com)" 0 "x-httpd-php5-3" "/var/chroot/home/content/67/10830367/html/index.php" 297434
76.72.172.208 - - [05/Jun/2013:00:13:40 -0700] "GET immigrationaustralia.info/index.php HTTP/1.0" 200 38543 "-" "Pingdom.com_bot_version_1.4_(http://www.pingdom.com)" 0 "x-httpd-php5-3" "/var/chroot/home/content/67/10830367/html/index.php" 619384
78.40.124.16 - - [05/Jun/2013:00:15:44 -0700] "GET immigrationaustralia.info/index.php HTTP/1.0" 200 38543 "-" "Pingdom.com_bot_version_1.4_(http://www.pingdom.com)" 0 "x-httpd-php5-3" "/var/chroot/home/content/67/10830367/html/index.php" 388159
76.72.172.208 - - [05/Jun/2013:00:21:38 -0700] "GET immigrationaustralia.info/index.php HTTP/1.0" 200 38541 "-" "Pingdom.com_bot_version_1.4_(http://www.pingdom.com)" 0 "x-httpd-php5-3" "/var/chroot/home/content/67/10830367/html/index.php" 451584
78.40.124.16 - - [05/Jun/2013:00:23:38 -0700] "GET immigrationaustralia.info/index.php HTTP/1.0" 200 38543 "-" "Pingdom.com_bot_version_1.4_(http://www.pingdom.com)" 0 "x-httpd-php5-3" "/var/chroot/home/content/67/10830367/html/index.php" 305030
76.72.172.208 - - [05/Jun/2013:00:29:38 -0700] "GET immigrationaustralia.info/index.php HTTP/1.0" 200 38541 "-" "Pingdom.com_bot_version_1.4_(http://www.pingdom.com)" 0 "x-httpd-php5-3" "/var/chroot/home/content/67/10830367/html/index.php" 695927
78.40.124.16 - - [05/Jun/2013:00:31:38 -0700] "GET immigrationaustralia.info/index.php HTTP/1.0" 200 38541 "-" "Pingdom.com_bot_version_1.4_(http://www.pingdom.com)" 0 "x-httpd-php5-3" "/var/chroot/home/content/67/10830367/html/index.php" 310822
217.212.230.251 - - [05/Jun/2013:00:36:11 -0700] "GET www.immigrationaustralia.info/syndication.php HTTP/1.1" 200 9419 "-" "Mozilla/4.0 (Windows 98; US) Opera 10.00 [en]" 0 "x-httpd-php5-3" "/var/chroot/home/content/67/10830367/html/syndication.php" 1126476
66.249.74.226 - - [05/Jun/2013:00:36:50 -0700] "GET www.immigrationaustralia.info/cache/themes/theme5/global.css HTTP/1.1" 200 3179 "http://www.immigrationaustralia.info/" "Mozilla/5.0 (compatible; Googlebot/2.1; +http://www.google.com/bot.html)" 0 "-" "/var/chroot/home/content/67/10830367/html/cache/themes/theme5/global.css" 67923
76.72.172.208 - - [05/Jun/2013:00:37:38 -0700] "GET immigrationaustralia.info/index.php HTTP/1.0" 200 38541 "-" "Pingdom.com_bot_version_1.4_(http://www.pingdom.com)" 0 "x-httpd-php5-3" "/var/chroot/home/content/67/10830367/html/index.php" 493024
217.212.230.251 - - [05/Jun/2013:00:38:02 -0700] "GET www.immigrationaustralia.info/syndication.php HTTP/1.1" 200 9298 "-" "Mozilla/4.0 (Windows 98; US) Opera 10.00 [en]" 0 "x-httpd-php5-3" "/var/chroot/home/content/67/10830367/html/syndication.php" 380638
78.40.124.16 - - [05/Jun/2013:00:39:42 -0700] "GET immigrationaustralia.info/index.php HTTP/1.0" 200 38541 "-" "Pingdom.com_bot_version_1.4_(http://www.pingdom.com)" 0 "x-httpd-php5-3" "/var/chroot/home/content/67/10830367/html/index.php" 313578
76.72.172.208 - - [05/Jun/2013:00:45:38 -0700] "GET immigrationaustralia.info/index.php HTTP/1.0" 200 38541 "-" "Pingdom.com_bot_version_1.4_(http://www.pingdom.com)" 0 "x-httpd-php5-3" "/var/chroot/home/content/67/10830367/html/index.php" 1437047
78.40.124.16 - - [05/Jun/2013:00:47:38 -0700] "GET immigrationaustralia.info/index.php HTTP/1.0" 200 38541 "-" "Pingdom.com_bot_version_1.4_(http://www.pingdom.com)" 0 "x-httpd-php5-3" "/var/chroot/home/content/67/10830367/html/index.php" 282183
180.76.6.222 - - [05/Jun/2013:00:50:36 -0700] "GET www.immigrationaustralia.info/index.php HTTP/1.1" 200 7139 "-" "Mozilla/5.0 (compatible; Baiduspider/2.0; +http://www.baidu.com/search/spider.html)" 0 "x-httpd-php5-3" "/var/chroot/home/content/67/10830367/html/index.php" 277932
76.72.172.208 - - [05/Jun/2013:00:53:38 -0700] "GET immigrationaustralia.info/index.php HTTP/1.0" 200 38546 "-" "Pingdom.com_bot_version_1.4_(http://www.pingdom.com)" 0 "x-httpd-php5-3" "/var/chroot/home/content/67/10830367/html/index.php" 434790
78.40.124.16 - - [05/Jun/2013:00:55:39 -0700] "GET immigrationaustralia.info/index.php HTTP/1.0" 200 38546 "-" "Pingdom.com_bot_version_1.4_(http://www.pingdom.com)" 0 "x-httpd-php5-3" "/var/chroot/home/content/67/10830367/html/index.php" 308568
217.212.230.251 - - [05/Jun/2013:00:58:11 -0700] "GET www.immigrationaustralia.info/syndication.php HTTP/1.1" 200 9420 "-" "Mozilla/4.0 (Windows 98; US) Opera 10.00 [en]" 0 "x-httpd-php5-3" "/var/chroot/home/content/67/10830367/html/syndication.php" 1137737
76.72.172.208 - - [05/Jun/2013:01:01:38 -0700] "GET immigrationaustralia.info/index.php HTTP/1.0" 200 38546 "-" "Pingdom.com_bot_version_1.4_(http://www.pingdom.com)" 0 "x-httpd-php5-3" "/var/chroot/home/content/67/10830367/html/index.php" 648398
78.40.124.16 - - [05/Jun/2013:01:03:41 -0700] "GET immigrationaustralia.info/index.php HTTP/1.0" 200 38546 "-" "Pingdom.com_bot_version_1.4_(http://www.pingdom.com)" 0 "x-httpd-php5-3" "/var/chroot/home/content/67/10830367/html/index.php" 310930
217.212.230.251 - - [05/Jun/2013:01:05:17 -0700] "GET www.immigrationaustralia.info/syndication.php HTTP/1.1" 200 9299 "-" "Mozilla/4.0 (Windows 98; US) Opera 10.00 [en]" 0 "x-httpd-php5-3" "/var/chroot/home/content/67/10830367/html/syndication.php" 511309
95.211.217.68 - - [05/Jun/2013:01:06:38 -0700] "GET immigrationaustralia.info/index.php HTTP/1.0" 200 38541 "-" "Pingdom.com_bot_version_1.4_(http://www.pingdom.com)" 0 "x-httpd-php5-3" "/var/chroot/home/content/67/10830367/html/index.php" 349412
174.34.224.167 - - [05/Jun/2013:01:15:38 -0700] "GET immigrationaustralia.info/index.php HTTP/1.0" 200 38541 "-" "Pingdom.com_bot_version_1.4_(http://www.pingdom.com)" 0 "x-httpd-php5-3" "/var/chroot/home/content/67/10830367/html/index.php" 555076
64.90.58.54 - - [05/Jun/2013:01:17:13 -0700] "GET www.immigrationaustralia.info/index.php HTTP/1.1" 200 38565 "-" "-" 0 "x-httpd-php5-3" "/var/chroot/home/content/67/10830367/html/index.php" 307843
64.90.58.54 - - [05/Jun/2013:01:17:35 -0700] "GET www.immigrationaustralia.info/index.php HTTP/1.1" 200 38565 "-" "-" 0 "x-httpd-php5-3" "/var/chroot/home/content/67/10830367/html/index.php" 244445
64.90.58.54 - - [05/Jun/2013:01:18:10 -0700] "GET www.immigrationaustralia.info/index.php HTTP/1.1" 200 38586 "-" "-" 0 "x-httpd-php5-3" "/var/chroot/home/content/67/10830367/html/index.php" 289329
64.90.58.54 - - [05/Jun/2013:01:18:35 -0700] "GET www.immigrationaustralia.info/index.php HTTP/1.1" 200 38565 "-" "-" 0 "x-httpd-php5-3" "/var/chroot/home/content/67/10830367/html/index.php" 302845
64.90.58.54 - - [05/Jun/2013:01:19:12 -0700] "GET www.immigrationaustralia.info/index.php HTTP/1.1" 200 38565 "-" "-" 0 "x-httpd-php5-3" "/var/chroot/home/content/67/10830367/html/index.php" 272265
77.88.26.27 - - [05/Jun/2013:01:19:25 -0700] "GET immigrationaustralia.info/robots.txt HTTP/1.1" 200 1204 "-" "Mozilla/5.0 (compatible; YandexBot/3.0; +http://yandex.com/bots)" 0 "-" "/var/chroot/home/content/67/10830367/html/robots.txt" 17449
64.90.58.54 - - [05/Jun/2013:01:19:28 -0700] "GET www.immigrationaustralia.info/index.php HTTP/1.1" 200 38565 "-" "-" 0 "x-httpd-php5-3" "/var/chroot/home/content/67/10830367/html/index.php" 275509
78.40.124.16 - - [05/Jun/2013:01:19:38 -0700] "GET immigrationaustralia.info/index.php HTTP/1.0" 200 38543 "-" "Pingdom.com_bot_version_1.4_(http://www.pingdom.com)" 0 "x-httpd-php5-3" "/var/chroot/home/content/67/10830367/html/index.php" 291843
46.165.195.139 - - [05/Jun/2013:01:20:38 -0700] "GET immigrationaustralia.info/index.php HTTP/1.0" 200 38543 "-" "Pingdom.com_bot_version_1.4_(http://www.pingdom.com)" 0 "x-httpd-php5-3" "/var/chroot/home/content/67/10830367/html/index.php" 321194
64.90.58.54 - - [05/Jun/2013:01:20:38 -0700] "GET www.immigrationaustralia.info/index.php HTTP/1.1" 200 38565 "-" "-" 0 "x-httpd-php5-3" "/var/chroot/home/content/67/10830367/html/index.php" 630461
77.88.26.27 - - [05/Jun/2013:01:20:46 -0700] "GET www.immigrationaustralia.info/robots.txt HTTP/1.1" 200 1204 "-" "Mozilla/5.0 (compatible; YandexBot/3.0; +http://yandex.com/bots)" 0 "-" "/var/chroot/home/content/67/10830367/html/robots.txt" 3968
64.90.58.54 - - [05/Jun/2013:01:20:50 -0700] "GET www.immigrationaustralia.info/index.php HTTP/1.1" 200 38565 "-" "-" 0 "x-httpd-php5-3" "/var/chroot/home/content/67/10830367/html/index.php" 269597
64.90.58.54 - - [05/Jun/2013:01:21:06 -0700] "GET www.immigrationaustralia.info/index.php HTTP/1.1" 200 38565 "-" "-" 0 "x-httpd-php5-3" "/var/chroot/home/content/67/10830367/html/index.php" 239784
64.90.58.54 - - [05/Jun/2013:01:21:29 -0700] "GET www.immigrationaustralia.info/index.php HTTP/1.1" 200 38565 "-" "-" 0 "x-httpd-php5-3" "/var/chroot/home/content/67/10830367/html/index.php" 270954
64.90.58.54 - - [05/Jun/2013:01:21:45 -0700] "GET www.immigrationaustralia.info/index.php HTTP/1.1" 200 38565 "-" "-" 0 "x-httpd-php5-3" "/var/chroot/home/content/67/10830367/html/index.php" 313408
64.90.58.54 - - [05/Jun/2013:01:22:26 -0700] "GET www.immigrationaustralia.info/index.php HTTP/1.1" 200 38565 "-" "-" 0 "x-httpd-php5-3" "/var/chroot/home/content/67/10830367/html/index.php" 282679
64.90.58.54 - - [05/Jun/2013:01:23:07 -0700] "GET www.immigrationaustralia.info/index.php HTTP/1.1" 200 38565 "-" "-" 0 "x-httpd-php5-3" "/var/chroot/home/content/67/10830367/html/index.php" 312922
64.90.58.54 - - [05/Jun/2013:01:23:18 -0700] "GET www.immigrationaustralia.info/index.php HTTP/1.1" 200 38565 "-" "-" 0 "x-httpd-php5-3" "/var/chroot/home/content/67/10830367/html/index.php" 275740
174.34.224.167 - - [05/Jun/2013:01:23:38 -0700] "GET immigrationaustralia.info/index.php HTTP/1.0" 200 38543 "-" "Pingdom.com_bot_version_1.4_(http://www.pingdom.com)" 0 "x-httpd-php5-3" "/var/chroot/home/content/67/10830367/html/index.php" 323231
78.40.124.16 - - [05/Jun/2013:01:27:39 -0700] "GET immigrationaustralia.info/index.php HTTP/1.0" 200 38543 "-" "Pingdom.com_bot_version_1.4_(http://www.pingdom.com)" 0 "x-httpd-php5-3" "/var/chroot/home/content/67/10830367/html/index.php" 325058
46.165.195.139 - - [05/Jun/2013:01:28:38 -0700] "GET immigrationaustralia.info/index.php HTTP/1.0" 200 38564 "-" "Pingdom.com_bot_version_1.4_(http://www.pingdom.com)" 0 "x-httpd-php5-3" "/var/chroot/home/content/67/10830367/html/index.php" 263720
174.34.224.167 - - [05/Jun/2013:01:31:38 -0700] "GET immigrationaustralia.info/index.php HTTP/1.0" 200 38543 "-" "Pingdom.com_bot_version_1.4_(http://www.pingdom.com)" 0 "x-httpd-php5-3" "/var/chroot/home/content/67/10830367/html/index.php" 361700
78.40.124.16 - - [05/Jun/2013:01:35:43 -0700] "GET immigrationaustralia.info/index.php HTTP/1.0" 200 38543 "-" "Pingdom.com_bot_version_1.4_(http://www.pingdom.com)" 0 "x-httpd-php5-3" "/var/chroot/home/content/67/10830367/html/index.php" 286586
46.165.195.139 - - [05/Jun/2013:01:36:39 -0700] "GET immigrationaustralia.info/index.php HTTP/1.0" 200 38543 "-" "Pingdom.com_bot_version_1.4_(http://www.pingdom.com)" 0 "x-httpd-php5-3" "/var/chroot/home/content/67/10830367/html/index.php" 431201
174.34.224.167 - - [05/Jun/2013:01:39:38 -0700] "GET immigrationaustralia.info/index.php HTTP/1.0" 200 38541 "-" "Pingdom.com_bot_version_1.4_(http://www.pingdom.com)" 0 "x-httpd-php5-3" "/var/chroot/home/content/67/10830367/html/index.php" 381715
78.40.124.16 - - [05/Jun/2013:01:43:39 -0700] "GET immigrationaustralia.info/index.php HTTP/1.0" 200 38541 "-" "Pingdom.com_bot_version_1.4_(http://www.pingdom.com)" 0 "x-httpd-php5-3" "/var/chroot/home/content/67/10830367/html/index.php" 349494
46.165.195.139 - - [05/Jun/2013:01:44:38 -0700] "GET immigrationaustralia.info/index.php HTTP/1.0" 200 38541 "-" "Pingdom.com_bot_version_1.4_(http://www.pingdom.com)" 0 "x-httpd-php5-3" "/var/chroot/home/content/67/10830367/html/index.php" 248285
77.88.26.27 - - [05/Jun/2013:01:45:11 -0700] "GET immigrationaustralia.info/forum-education?google_seo_forum=education HTTP/1.1" 301 666 "-" "Mozilla/5.0 (compatible; YandexBot/3.0; +http://yandex.com/bots)" 1 "redirect-handler" "/var/chroot/home/content/67/10830367/html/forumdisplay.php" 107017
174.34.224.167 - - [05/Jun/2013:01:47:38 -0700] "GET immigrationaustralia.info/index.php HTTP/1.0" 200 38564 "-" "Pingdom.com_bot_version_1.4_(http://www.pingdom.com)" 0 "x-httpd-php5-3" "/var/chroot/home/content/67/10830367/html/index.php" 367577
78.40.124.16 - - [05/Jun/2013:01:51:38 -0700] "GET immigrationaustralia.info/index.php HTTP/1.0" 200 38541 "-" "Pingdom.com_bot_version_1.4_(http://www.pingdom.com)" 0 "x-httpd-php5-3" "/var/chroot/home/content/67/10830367/html/index.php" 320583
46.165.195.139 - - [05/Jun/2013:01:52:41 -0700] "GET immigrationaustralia.info/index.php HTTP/1.0" 200 38541 "-" "Pingdom.com_bot_version_1.4_(http://www.pingdom.com)" 0 "x-httpd-php5-3" "/var/chroot/home/content/67/10830367/html/index.php" 710571
174.34.224.167 - - [05/Jun/2013:01:55:38 -0700] "GET immigrationaustralia.info/index.php HTTP/1.0" 200 38543 "-" "Pingdom.com_bot_version_1.4_(http://www.pingdom.com)" 0 "x-httpd-php5-3" "/var/chroot/home/content/67/10830367/html/index.php" 368497
78.40.124.16 - - [05/Jun/2013:01:59:40 -0700] "GET immigrationaustralia.info/index.php HTTP/1.0" 200 38543 "-" "Pingdom.com_bot_version_1.4_(http://www.pingdom.com)" 0 "x-httpd-php5-3" "/var/chroot/home/content/67/10830367/html/index.php" 312106
46.165.195.139 - - [05/Jun/2013:02:00:38 -0700] "GET immigrationaustralia.info/index.php HTTP/1.0" 200 38543 "-" "Pingdom.com_bot_version_1.4_(http://www.pingdom.com)" 0 "x-httpd-php5-3" "/var/chroot/home/content/67/10830367/html/index.php" 262060
174.34.224.167 - - [05/Jun/2013:02:03:38 -0700] "GET immigrationaustralia.info/index.php HTTP/1.0" 200 38543 "-" "Pingdom.com_bot_version_1.4_(http://www.pingdom.com)" 0 "x-httpd-php5-3" "/var/chroot/home/content/67/10830367/html/index.php" 416193
78.40.124.16 - - [05/Jun/2013:02:07:38 -0700] "GET immigrationaustralia.info/index.php HTTP/1.0" 200 38569 "-" "Pingdom.com_bot_version_1.4_(http://www.pingdom.com)" 0 "x-httpd-php5-3" "/var/chroot/home/content/67/10830367/html/index.php" 306869
46.165.195.139 - - [05/Jun/2013:02:08:38 -0700] "GET immigrationaustralia.info/index.php HTTP/1.0" 200 38548 "-" "Pingdom.com_bot_version_1.4_(http://www.pingdom.com)" 0 "x-httpd-php5-3" "/var/chroot/home/content/67/10830367/html/index.php" 492170
77.88.26.27 - - [05/Jun/2013:02:08:53 -0700] "GET www.immigrationaustralia.info/sitemap-index.xml?google_seo_sitemap=index HTTP/1.1" 200 612 "-" "Mozilla/5.0 (compatible; YandexBot/3.0; +http://yandex.com/bots)" 1 "redirect-handler" "/var/chroot/home/content/67/10830367/html/misc.php" 101628
77.88.26.27 - - [05/Jun/2013:02:10:47 -0700] "GET immigrationaustralia.info/forum-general?google_seo_forum=general HTTP/1.1" 301 664 "-" "Mozilla/5.0 (compatible; YandexBot/3.0; +http://yandex.com/bots)" 1 "redirect-handler" "/var/chroot/home/content/67/10830367/html/forumdisplay.php" 112371
174.34.224.167 - - [05/Jun/2013:02:11:38 -0700] "GET immigrationaustralia.info/index.php HTTP/1.0" 200 38548 "-" "Pingdom.com_bot_version_1.4_(http://www.pingdom.com)" 0 "x-httpd-php5-3" "/var/chroot/home/content/67/10830367/html/index.php" 353825
78.40.124.16 - - [05/Jun/2013:02:15:38 -0700] "GET immigrationaustralia.info/index.php HTTP/1.0" 200 38548 "-" "Pingdom.com_bot_version_1.4_(http://www.pingdom.com)" 0 "x-httpd-php5-3" "/var/chroot/home/content/67/10830367/html/index.php" 318131
46.165.195.139 - - [05/Jun/2013:02:16:39 -0700] "GET immigrationaustralia.info/index.php HTTP/1.0" 200 38548 "-" "Pingdom.com_bot_version_1.4_(http://www.pingdom.com)" 0 "x-httpd-php5-3" "/var/chroot/home/content/67/10830367/html/index.php" 300453
174.34.224.167 - - [05/Jun/2013:02:19:38 -0700] "GET immigrationaustralia.info/index.php HTTP/1.0" 200 38543 "-" "Pingdom.com_bot_version_1.4_(http://www.pingdom.com)" 0 "x-httpd-php5-3" "/var/chroot/home/content/67/10830367/html/index.php" 853123
78.40.124.16 - - [05/Jun/2013:02:23:39 -0700] "GET immigrationaustralia.info/index.php HTTP/1.0" 200 38564 "-" "Pingdom.com_bot_version_1.4_(http://www.pingdom.com)" 0 "x-httpd-php5-3" "/var/chroot/home/content/67/10830367/html/index.php" 325685
46.165.195.139 - - [05/Jun/2013:02:24:39 -0700] "GET immigrationaustralia.info/index.php HTTP/1.0" 200 38543 "-" "Pingdom.com_bot_version_1.4_(http://www.pingdom.com)" 0 "x-httpd-php5-3" "/var/chroot/home/content/67/10830367/html/index.php" 512584
174.34.224.167 - - [05/Jun/2013:02:27:38 -0700] "GET immigrationaustralia.info/index.php HTTP/1.0" 200 38564 "-" "Pingdom.com_bot_version_1.4_(http://www.pingdom.com)" 0 "x-httpd-php5-3" "/var/chroot/home/content/67/10830367/html/index.php" 403034
78.40.124.16 - - [05/Jun/2013:02:31:42 -0700] "GET immigrationaustralia.info/index.php HTTP/1.0" 200 38541 "-" "Pingdom.com_bot_version_1.4_(http://www.pingdom.com)" 0 "x-httpd-php5-3" "/var/chroot/home/content/67/10830367/html/index.php" 340788
46.165.195.139 - - [05/Jun/2013:02:32:38 -0700] "GET immigrationaustralia.info/index.php HTTP/1.0" 200 38541 "-" "Pingdom.com_bot_version_1.4_(http://www.pingdom.com)" 0 "x-httpd-php5-3" "/var/chroot/home/content/67/10830367/html/index.php" 240482
77.88.26.27 - - [05/Jun/2013:02:34:39 -0700] "GET immigrationaustralia.info/forum-south-australia?google_seo_forum=south-australia HTTP/1.1" 301 672 "-" "Mozilla/5.0 (compatible; YandexBot/3.0; +http://yandex.com/bots)" 2 "redirect-handler" "/var/chroot/home/content/67/10830367/html/forumdisplay.php" 119029
174.34.224.167 - - [05/Jun/2013:02:35:38 -0700] "GET immigrationaustralia.info/index.php HTTP/1.0" 200 38543 "-" "Pingdom.com_bot_version_1.4_(http://www.pingdom.com)" 0 "x-httpd-php5-3" "/var/chroot/home/content/67/10830367/html/index.php" 345146
95.141.32.46 - - [05/Jun/2013:02:41:38 -0700] "GET immigrationaustralia.info/index.php HTTP/1.0" 200 38541 "-" "Pingdom.com_bot_version_1.4_(http://www.pingdom.com)" 0 "x-httpd-php5-3" "/var/chroot/home/content/67/10830367/html/index.php" 730950
66.249.74.226 - - [05/Jun/2013:02:43:59 -0700] "GET www.immigrationaustralia.info/css.php?stylesheet=5 HTTP/1.1" 200 449 "http://www.immigrationaustralia.info/arts-festivals-in-adelaide-south-australia.thread?pid=97" "Mozilla/5.0 (compatible; Googlebot/2.1; +http://www.google.com/bot.html)" 0 "x-httpd-php5-3" "/var/chroot/home/content/67/10830367/html/css.php" 300234
157.55.32.81 - - [05/Jun/2013:02:45:54 -0700] "GET www.immigrationaustralia.info/robots.txt HTTP/1.1" 200 1204 "-" "Mozilla/5.0 (compatible; bingbot/2.0; +http://www.bing.com/bingbot.htm)" 0 "-" "/var/chroot/home/content/67/10830367/html/robots.txt" 20661
157.55.32.81 - - [05/Jun/2013:02:46:34 -0700] "GET www.immigrationaustralia.info/archive/index.php/thread-46.html HTTP/1.1" 404 272 "-" "Mozilla/5.0 (compatible; bingbot/2.0; +http://www.bing.com/bingbot.htm)" 0 "x-httpd-php5-3" "/var/chroot/home/content/67/10830367/html/archive/index.php" 14454
46.165.195.139 - - [05/Jun/2013:02:48:38 -0700] "GET immigrationaustralia.info/index.php HTTP/1.0" 200 38541 "-" "Pingdom.com_bot_version_1.4_(http://www.pingdom.com)" 0 "x-httpd-php5-3" "/var/chroot/home/content/67/10830367/html/index.php" 317060
95.141.32.46 - - [05/Jun/2013:02:49:38 -0700] "GET immigrationaustralia.info/index.php HTTP/1.0" 200 38541 "-" "Pingdom.com_bot_version_1.4_(http://www.pingdom.com)" 0 "x-httpd-php5-3" "/var/chroot/home/content/67/10830367/html/index.php" 470054
46.165.195.139 - - [05/Jun/2013:02:56:39 -0700] "GET immigrationaustralia.info/index.php HTTP/1.0" 200 38541 "-" "Pingdom.com_bot_version_1.4_(http://www.pingdom.com)" 0 "x-httpd-php5-3" "/var/chroot/home/content/67/10830367/html/index.php" 312528
95.141.32.46 - - [05/Jun/2013:02:57:40 -0700] "GET immigrationaustralia.info/index.php HTTP/1.0" 200 38541 "-" "Pingdom.com_bot_version_1.4_(http://www.pingdom.com)" 0 "x-httpd-php5-3" "/var/chroot/home/content/67/10830367/html/index.php" 673454
46.165.195.139 - - [05/Jun/2013:03:04:38 -0700] "GET immigrationaustralia.info/index.php HTTP/1.0" 200 38541 "-" "Pingdom.com_bot_version_1.4_(http://www.pingdom.com)" 0 "x-httpd-php5-3" "/var/chroot/home/content/67/10830367/html/index.php" 315302
95.141.32.46 - - [05/Jun/2013:03:05:38 -0700] "GET immigrationaustralia.info/index.php HTTP/1.0" 200 38541 "-" "Pingdom.com_bot_version_1.4_(http://www.pingdom.com)" 0 "x-httpd-php5-3" "/var/chroot/home/content/67/10830367/html/index.php" 478634
46.165.195.139 - - [05/Jun/2013:03:12:39 -0700] "GET immigrationaustralia.info/index.php HTTP/1.0" 200 38543 "-" "Pingdom.com_bot_version_1.4_(http://www.pingdom.com)" 0 "x-httpd-php5-3" "/var/chroot/home/content/67/10830367/html/index.php" 486319
95.141.32.46 - - [05/Jun/2013:03:13:38 -0700] "GET immigrationaustralia.info/index.php HTTP/1.0" 200 38564 "-" "Pingdom.com_bot_version_1.4_(http://www.pingdom.com)" 0 "x-httpd-php5-3" "/var/chroot/home/content/67/10830367/html/index.php" 449908
46.165.195.139 - - [05/Jun/2013:03:20:38 -0700] "GET immigrationaustralia.info/index.php HTTP/1.0" 200 38541 "-" "Pingdom.com_bot_version_1.4_(http://www.pingdom.com)" 0 "x-httpd-php5-3" "/var/chroot/home/content/67/10830367/html/index.php" 313368
95.141.32.46 - - [05/Jun/2013:03:21:38 -0700] "GET immigrationaustralia.info/index.php HTTP/1.0" 200 38541 "-" "Pingdom.com_bot_version_1.4_(http://www.pingdom.com)" 0 "x-httpd-php5-3" "/var/chroot/home/content/67/10830367/html/index.php" 467185
46.165.195.139 - - [05/Jun/2013:03:28:38 -0700] "GET immigrationaustralia.info/index.php HTTP/1.0" 200 38564 "-" "Pingdom.com_bot_version_1.4_(http://www.pingdom.com)" 0 "x-httpd-php5-3" "/var/chroot/home/content/67/10830367/html/index.php" 1145174
95.141.32.46 - - [05/Jun/2013:03:29:38 -0700] "GET immigrationaustralia.info/index.php HTTP/1.0" 200 38543 "-" "Pingdom.com_bot_version_1.4_(http://www.pingdom.com)" 0 "x-httpd-php5-3" "/var/chroot/home/content/67/10830367/html/index.php" 483302
46.165.195.139 - - [05/Jun/2013:03:36:38 -0700] "GET immigrationaustralia.info/index.php HTTP/1.0" 200 38543 "-" "Pingdom.com_bot_version_1.4_(http://www.pingdom.com)" 0 "x-httpd-php5-3" "/var/chroot/home/content/67/10830367/html/index.php" 344522
95.141.32.46 - - [05/Jun/2013:03:37:38 -0700] "GET immigrationaustralia.info/index.php HTTP/1.0" 200 38543 "-" "Pingdom.com_bot_version_1.4_(http://www.pingdom.com)" 0 "x-httpd-php5-3" "/var/chroot/home/content/67/10830367/html/index.php" 470243
180.76.5.16 - - [05/Jun/2013:03:42:08 -0700] "GET www.immigrationaustralia.info/index.php HTTP/1.1" 200 7141 "-" "Mozilla/5.0 (compatible; Baiduspider/2.0; +http://www.baidu.com/search/spider.html)" 0 "x-httpd-php5-3" "/var/chroot/home/content/67/10830367/html/index.php" 149144
46.165.195.139 - - [05/Jun/2013:03:44:38 -0700] "GET immigrationaustralia.info/index.php HTTP/1.0" 200 38548 "-" "Pingdom.com_bot_version_1.4_(http://www.pingdom.com)" 0 "x-httpd-php5-3" "/var/chroot/home/content/67/10830367/html/index.php" 497267
95.141.32.46 - - [05/Jun/2013:03:45:38 -0700] "GET immigrationaustralia.info/index.php HTTP/1.0" 200 38547 "-" "Pingdom.com_bot_version_1.4_(http://www.pingdom.com)" 0 "x-httpd-php5-3" "/var/chroot/home/content/67/10830367/html/index.php" 1469089
46.165.195.139 - - [05/Jun/2013:03:52:39 -0700] "GET immigrationaustralia.info/index.php HTTP/1.0" 200 38569 "-" "Pingdom.com_bot_version_1.4_(http://www.pingdom.com)" 0 "x-httpd-php5-3" "/var/chroot/home/content/67/10830367/html/index.php" 500555
95.141.32.46 - - [05/Jun/2013:03:53:41 -0700] "GET immigrationaustralia.info/index.php HTTP/1.0" 200 38548 "-" "Pingdom.com_bot_version_1.4_(http://www.pingdom.com)" 0 "x-httpd-php5-3" "/var/chroot/home/content/67/10830367/html/index.php" 564638
95.141.32.46 - - [05/Jun/2013:04:01:38 -0700] "GET immigrationaustralia.info/index.php HTTP/1.0" 200 38543 "-" "Pingdom.com_bot_version_1.4_(http://www.pingdom.com)" 0 "x-httpd-php5-3" "/var/chroot/home/content/67/10830367/html/index.php" 834877
46.165.195.139 - - [05/Jun/2013:04:02:14 -0700] "GET immigrationaustralia.info/index.php HTTP/1.0" 200 38543 "-" "Pingdom.com_bot_version_1.4_(http://www.pingdom.com)" 0 "x-httpd-php5-3" "/var/chroot/home/content/67/10830367/html/index.php" 277359
66.249.81.188 - - [05/Jun/2013:04:05:24 -0700] "GET www.immigrationaustralia.info/index.php HTTP/1.1" 200 7461 "-" "Mozilla/5.0 (Windows; U; Windows NT 5.1; de; rv:1.9.0.7) Gecko/2009021910 Firefox/3.0.7 (via ggpht.com)" 0 "x-httpd-php5-3" "/var/chroot/home/content/67/10830367/html/index.php" 158702
95.211.217.68 - - [05/Jun/2013:04:10:38 -0700] "GET immigrationaustralia.info/index.php HTTP/1.0" 200 38543 "-" "Pingdom.com_bot_version_1.4_(http://www.pingdom.com)" 0 "x-httpd-php5-3" "/var/chroot/home/content/67/10830367/html/index.php" 533378
184.75.210.226 - - [05/Jun/2013:04:14:38 -0700] "GET immigrationaustralia.info/index.php HTTP/1.0" 200 38543 "-" "Pingdom.com_bot_version_1.4_(http://www.pingdom.com)" 0 "x-httpd-php5-3" "/var/chroot/home/content/67/10830367/html/index.php" 423120
95.211.217.68 - - [05/Jun/2013:04:18:38 -0700] "GET immigrationaustralia.info/index.php HTTP/1.0" 200 38543 "-" "Pingdom.com_bot_version_1.4_(http://www.pingdom.com)" 0 "x-httpd-php5-3" "/var/chroot/home/content/67/10830367/html/index.php" 653728
184.75.210.226 - - [05/Jun/2013:04:22:38 -0700] "GET immigrationaustralia.info/index.php HTTP/1.0" 200 38543 "-" "Pingdom.com_bot_version_1.4_(http://www.pingdom.com)" 0 "x-httpd-php5-3" "/var/chroot/home/content/67/10830367/html/index.php" 401982
95.211.217.68 - - [05/Jun/2013:04:26:38 -0700] "GET immigrationaustralia.info/index.php HTTP/1.0" 200 38543 "-" "Pingdom.com_bot_version_1.4_(http://www.pingdom.com)" 0 "x-httpd-php5-3" "/var/chroot/home/content/67/10830367/html/index.php" 585805
184.75.210.226 - - [05/Jun/2013:04:30:38 -0700] "GET immigrationaustralia.info/index.php HTTP/1.0" 200 38543 "-" "Pingdom.com_bot_version_1.4_(http://www.pingdom.com)" 0 "x-httpd-php5-3" "/var/chroot/home/content/67/10830367/html/index.php" 414350
95.211.217.68 - - [05/Jun/2013:04:34:39 -0700] "GET immigrationaustralia.info/index.php HTTP/1.0" 200 38543 "-" "Pingdom.com_bot_version_1.4_(http://www.pingdom.com)" 0 "x-httpd-php5-3" "/var/chroot/home/content/67/10830367/html/index.php" 340135
184.75.210.226 - - [05/Jun/2013:04:38:38 -0700] "GET immigrationaustralia.info/index.php HTTP/1.0" 200 38543 "-" "Pingdom.com_bot_version_1.4_(http://www.pingdom.com)" 0 "x-httpd-php5-3" "/var/chroot/home/content/67/10830367/html/index.php" 381032
95.211.217.68 - - [05/Jun/2013:04:42:38 -0700] "GET immigrationaustralia.info/index.php HTTP/1.0" 200 38541 "-" "Pingdom.com_bot_version_1.4_(http://www.pingdom.com)" 0 "x-httpd-php5-3" "/var/chroot/home/content/67/10830367/html/index.php" 556102
184.75.210.226 - - [05/Jun/2013:04:46:38 -0700] "GET immigrationaustralia.info/index.php HTTP/1.0" 200 38541 "-" "Pingdom.com_bot_version_1.4_(http://www.pingdom.com)" 0 "x-httpd-php5-3" "/var/chroot/home/content/67/10830367/html/index.php" 411724
95.211.217.68 - - [05/Jun/2013:04:50:38 -0700] "GET immigrationaustralia.info/index.php HTTP/1.0" 200 38541 "-" "Pingdom.com_bot_version_1.4_(http://www.pingdom.com)" 0 "x-httpd-php5-3" "/var/chroot/home/content/67/10830367/html/index.php" 313929
199.30.20.79 - - [05/Jun/2013:04:53:18 -0700] "GET www.immigrationaustralia.info/robots.txt HTTP/1.1" 200 588 "-" "msnbot-media/1.1 (+http://search.msn.com/msnbot.htm)" 0 "-" "/var/chroot/home/content/67/10830367/html/robots.txt" 16929
199.30.20.79 - - [05/Jun/2013:04:53:18 -0700] "GET www.immigrationaustralia.info/images/smilies/biggrin.gif HTTP/1.1" 200 1396 "-" "msnbot-media/1.1 (+http://search.msn.com/msnbot.htm)" 0 "-" "/var/chroot/home/content/67/10830367/html/images/smilies/biggrin.gif" 33654
184.75.210.226 - - [05/Jun/2013:04:54:38 -0700] "GET immigrationaustralia.info/index.php HTTP/1.0" 200 38543 "-" "Pingdom.com_bot_version_1.4_(http://www.pingdom.com)" 0 "x-httpd-php5-3" "/var/chroot/home/content/67/10830367/html/index.php" 397921
95.211.217.68 - - [05/Jun/2013:04:58:39 -0700] "GET immigrationaustralia.info/index.php HTTP/1.0" 200 38549 "-" "Pingdom.com_bot_version_1.4_(http://www.pingdom.com)" 0 "x-httpd-php5-3" "/var/chroot/home/content/67/10830367/html/index.php" 532953
184.75.210.226 - - [05/Jun/2013:05:02:40 -0700] "GET immigrationaustralia.info/index.php HTTP/1.0" 200 38549 "-" "Pingdom.com_bot_version_1.4_(http://www.pingdom.com)" 0 "x-httpd-php5-3" "/var/chroot/home/content/67/10830367/html/index.php" 600802
95.211.217.68 - - [05/Jun/2013:05:06:38 -0700] "GET immigrationaustralia.info/index.php HTTP/1.0" 200 38549 "-" "Pingdom.com_bot_version_1.4_(http://www.pingdom.com)" 0 "x-httpd-php5-3" "/var/chroot/home/content/67/10830367/html/index.php" 326720
184.75.210.226 - - [05/Jun/2013:05:10:38 -0700] "GET immigrationaustralia.info/index.php HTTP/1.0" 200 38549 "-" "Pingdom.com_bot_version_1.4_(http://www.pingdom.com)" 0 "x-httpd-php5-3" "/var/chroot/home/content/67/10830367/html/index.php" 403452
95.211.217.68 - - [05/Jun/2013:05:14:38 -0700] "GET immigrationaustralia.info/index.php HTTP/1.0" 200 38543 "-" "Pingdom.com_bot_version_1.4_(http://www.pingdom.com)" 0 "x-httpd-php5-3" "/var/chroot/home/content/67/10830367/html/index.php" 544077
65.55.52.116 - - [05/Jun/2013:05:15:24 -0700] "GET www.immigrationaustralia.info/robots.txt HTTP/1.1" 200 1204 "-" "Mozilla/5.0 (compatible; bingbot/2.0; +http://www.bing.com/bingbot.htm)" 0 "-" "/var/chroot/home/content/67/10830367/html/robots.txt" 4402
65.55.52.116 - - [05/Jun/2013:05:15:49 -0700] "GET www.immigrationaustralia.info/user-241.html?action=profile&uid=241 HTTP/1.1" 403 3939 "-" "Mozilla/5.0 (compatible; bingbot/2.0; +http://www.bing.com/bingbot.htm)" 0 "redirect-handler" "/var/chroot/home/content/67/10830367/html/member.php" 170864
184.75.210.226 - - [05/Jun/2013:05:18:38 -0700] "GET immigrationaustralia.info/index.php HTTP/1.0" 200 38564 "-" "Pingdom.com_bot_version_1.4_(http://www.pingdom.com)" 0 "x-httpd-php5-3" "/var/chroot/home/content/67/10830367/html/index.php" 439954
95.211.217.68 - - [05/Jun/2013:05:22:38 -0700] "GET immigrationaustralia.info/index.php HTTP/1.0" 200 38543 "-" "Pingdom.com_bot_version_1.4_(http://www.pingdom.com)" 0 "x-httpd-php5-3" "/var/chroot/home/content/67/10830367/html/index.php" 374405
184.75.210.226 - - [05/Jun/2013:05:26:38 -0700] "GET immigrationaustralia.info/index.php HTTP/1.0" 200 38564 "-" "Pingdom.com_bot_version_1.4_(http://www.pingdom.com)" 0 "x-httpd-php5-3" "/var/chroot/home/content/67/10830367/html/index.php" 468009
95.211.217.68 - - [05/Jun/2013:05:30:40 -0700] "GET immigrationaustralia.info/index.php HTTP/1.0" 200 38543 "-" "Pingdom.com_bot_version_1.4_(http://www.pingdom.com)" 0 "x-httpd-php5-3" "/var/chroot/home/content/67/10830367/html/index.php" 519983
184.75.210.226 - - [05/Jun/2013:05:34:38 -0700] "GET immigrationaustralia.info/index.php HTTP/1.0" 200 38541 "-" "Pingdom.com_bot_version_1.4_(http://www.pingdom.com)" 0 "x-httpd-php5-3" "/var/chroot/home/content/67/10830367/html/index.php" 452329
91.64.153.168 - - [05/Jun/2013:05:35:21 -0700] "GET immigrationaustralia.info/robots.txt HTTP/1.0" 200 1167 "-" "Mozilla/5.0 (compatible; MJ12bot/v1.4.3; http://www.majestic12.co.uk/bot.php?+)" 0 "-" "/var/chroot/home/content/67/10830367/html/robots.txt" 10272
91.64.153.168 - - [05/Jun/2013:05:35:23 -0700] "GET immigrationaustralia.info/163-thousand-reasons-to-work-in-oil-and-gas.thread?google_seo_thread=163-thousand-reasons-to-work-in-oil-and-gas&action=lastpost HTTP/1.0" 301 681 "-" "Mozilla/5.0 (compatible; MJ12bot/v1.4.3; http://www.majestic12.co.uk/bot.php?+)" 0 "redirect-handler" "/var/chroot/home/content/67/10830367/html/showthread.php" 77007
91.64.153.168 - - [05/Jun/2013:05:35:24 -0700] "GET www.immigrationaustralia.info/robots.txt HTTP/1.0" 200 1167 "-" "Mozilla/5.0 (compatible; MJ12bot/v1.4.3; http://www.majestic12.co.uk/bot.php?+)" 0 "-" "/var/chroot/home/content/67/10830367/html/robots.txt" 4763
91.64.153.168 - - [05/Jun/2013:05:35:26 -0700] "GET www.immigrationaustralia.info/163-thousand-reasons-to-work-in-oil-and-gas.thread?google_seo_thread=163-thousand-reasons-to-work-in-oil-and-gas&action=lastpost HTTP/1.0" 302 621 "-" "Mozilla/5.0 (compatible; MJ12bot/v1.4.3; http://www.majestic12.co.uk/bot.php?+)" 0 "redirect-handler" "/var/chroot/home/content/67/10830367/html/showthread.php" 118077
91.64.153.168 - - [05/Jun/2013:05:35:28 -0700] "GET www.immigrationaustralia.info/163-thousand-reasons-to-work-in-oil-and-gas.thread?google_seo_thread=163-thousand-reasons-to-work-in-oil-and-gas&pid=96 HTTP/1.0" 200 21041 "-" "Mozilla/5.0 (compatible; MJ12bot/v1.4.3; http://www.majestic12.co.uk/bot.php?+)" 0 "redirect-handler" "/var/chroot/home/content/67/10830367/html/showthread.php" 847154
91.64.153.168 - - [05/Jun/2013:05:35:32 -0700] "GET www.immigrationaustralia.info/calendar-1-week-1309132800.html?action=weekview&calendar=1&week=1309132800 HTTP/1.0" 200 4594 "-" "Mozilla/5.0 (compatible; MJ12bot/v1.4.3; http://www.majestic12.co.uk/bot.php?+)" 0 "redirect-handler" "/var/chroot/home/content/67/10830367/html/calendar.php" 133392
91.64.153.168 - - [05/Jun/2013:05:35:34 -0700] "GET www.immigrationaustralia.info/calendar-1-week-1309737600.html?action=weekview&calendar=1&week=1309737600 HTTP/1.0" 200 4353 "-" "Mozilla/5.0 (compatible; MJ12bot/v1.4.3; http://www.majestic12.co.uk/bot.php?+)" 0 "redirect-handler" "/var/chroot/home/content/67/10830367/html/calendar.php" 60703
91.64.153.168 - - [05/Jun/2013:05:35:36 -0700] "GET www.immigrationaustralia.info/calendar-1-week-1310342400.html?action=weekview&calendar=1&week=1310342400 HTTP/1.0" 200 4360 "-" "Mozilla/5.0 (compatible; MJ12bot/v1.4.3; http://www.majestic12.co.uk/bot.php?+)" 0 "redirect-handler" "/var/chroot/home/content/67/10830367/html/calendar.php" 107829
91.64.153.168 - - [05/Jun/2013:05:35:39 -0700] "GET www.immigrationaustralia.info/calendar-1-week-1310947200.html?action=weekview&calendar=1&week=1310947200 HTTP/1.0" 200 4362 "-" "Mozilla/5.0 (compatible; MJ12bot/v1.4.3; http://www.majestic12.co.uk/bot.php?+)" 0 "redirect-handler" "/var/chroot/home/content/67/10830367/html/calendar.php" 111341
91.64.153.168 - - [05/Jun/2013:05:35:42 -0700] "GET www.immigrationaustralia.info/calendar-1-week-1311552000.html?action=weekview&calendar=1&week=1311552000 HTTP/1.0" 200 4363 "-" "Mozilla/5.0 (compatible; MJ12bot/v1.4.3; http://www.majestic12.co.uk/bot.php?+)" 0 "redirect-handler" "/var/chroot/home/content/67/10830367/html/calendar.php" 101847
91.64.153.168 - - [05/Jun/2013:05:35:45 -0700] "GET www.immigrationaustralia.info/calendar-1-week-1321747200.html?action=weekview&calendar=1&week=1321747200 HTTP/1.0" 200 4367 "-" "Mozilla/5.0 (compatible; MJ12bot/v1.4.3; http://www.majestic12.co.uk/bot.php?+)" 0 "redirect-handler" "/var/chroot/home/content/67/10830367/html/calendar.php" 74812
91.64.153.168 - - [05/Jun/2013:05:35:48 -0700] "GET www.immigrationaustralia.info/calendar-1-week-1350777600.html?action=weekview&calendar=1&week=1350777600 HTTP/1.0" 200 4384 "-" "Mozilla/5.0 (compatible; MJ12bot/v1.4.3; http://www.majestic12.co.uk/bot.php?+)" 0 "redirect-handler" "/var/chroot/home/content/67/10830367/html/calendar.php" 62944
91.64.153.168 - - [05/Jun/2013:05:35:49 -0700] "GET www.immigrationaustralia.info/calendar-1-week-1368921600.html?action=weekview&calendar=1&week=1368921600 HTTP/1.0" 200 4358 "-" "Mozilla/5.0 (compatible; MJ12bot/v1.4.3; http://www.majestic12.co.uk/bot.php?+)" 0 "redirect-handler" "/var/chroot/home/content/67/10830367/html/calendar.php" 57001
91.64.153.168 - - [05/Jun/2013:05:35:52 -0700] "GET www.immigrationaustralia.info/calendar-1-week-1395532800.html?action=weekview&calendar=1&week=1395532800 HTTP/1.0" 200 4407 "-" "Mozilla/5.0 (compatible; MJ12bot/v1.4.3; http://www.majestic12.co.uk/bot.php?+)" 0 "redirect-handler" "/var/chroot/home/content/67/10830367/html/calendar.php" 97886
91.64.153.168 - - [05/Jun/2013:05:35:54 -0700] "GET www.immigrationaustralia.info/calendar-1-week-1397952000.html?action=weekview&calendar=1&week=1397952000 HTTP/1.0" 200 4366 "-" "Mozilla/5.0 (compatible; MJ12bot/v1.4.3; http://www.majestic12.co.uk/bot.php?+)" 0 "redirect-handler" "/var/chroot/home/content/67/10830367/html/calendar.php" 68577
91.64.153.168 - - [05/Jun/2013:05:35:56 -0700] "GET www.immigrationaustralia.info/calendar-1-week-1407628800.html?action=weekview&calendar=1&week=1407628800 HTTP/1.0" 200 4360 "-" "Mozilla/5.0 (compatible; MJ12bot/v1.4.3; http://www.majestic12.co.uk/bot.php?+)" 0 "redirect-handler" "/var/chroot/home/content/67/10830367/html/calendar.php" 80026
91.64.153.168 - - [05/Jun/2013:05:35:59 -0700] "GET www.immigrationaustralia.info/calendar-1-week-1414972800.html?action=weekview&calendar=1&week=1414972800 HTTP/1.0" 200 4353 "-" "Mozilla/5.0 (compatible; MJ12bot/v1.4.3; http://www.majestic12.co.uk/bot.php?+)" 0 "redirect-handler" "/var/chroot/home/content/67/10830367/html/calendar.php" 79667
91.64.153.168 - - [05/Jun/2013:05:36:01 -0700] "GET www.immigrationaustralia.info/calendar-1-week-1415577600.html?action=weekview&calendar=1&week=1415577600 HTTP/1.0" 200 4379 "-" "Mozilla/5.0 (compatible; MJ12bot/v1.4.3; http://www.majestic12.co.uk/bot.php?+)" 0 "redirect-handler" "/var/chroot/home/content/67/10830367/html/calendar.php" 74291
91.64.153.168 - - [05/Jun/2013:05:36:03 -0700] "GET www.immigrationaustralia.info/calendar-1-week-1416182400.html?action=weekview&calendar=1&week=1416182400 HTTP/1.0" 200 4360 "-" "Mozilla/5.0 (compatible; MJ12bot/v1.4.3; http://www.majestic12.co.uk/bot.php?+)" 0 "redirect-handler" "/var/chroot/home/content/67/10830367/html/calendar.php" 68079
91.64.153.168 - - [05/Jun/2013:05:36:06 -0700] "GET www.immigrationaustralia.info/calendar-1-week-1416787200.html?action=weekview&calendar=1&week=1416787200 HTTP/1.0" 200 4361 "-" "Mozilla/5.0 (compatible; MJ12bot/v1.4.3; http://www.majestic12.co.uk/bot.php?+)" 0 "redirect-handler" "/var/chroot/home/content/67/10830367/html/calendar.php" 57001
91.64.153.168 - - [05/Jun/2013:05:36:10 -0700] "GET www.immigrationaustralia.info/calendar-1-year-2011-month-6-day-27.html?action=dayview&calendar=1&year=2011&month=6&day=27 HTTP/1.0" 200 3700 "-" "Mozilla/5.0 (compatible; MJ12bot/v1.4.3; http://www.majestic12.co.uk/bot.php?+)" 0 "redirect-handler" "/var/chroot/home/content/67/10830367/html/calendar.php" 70329
91.64.153.168 - - [05/Jun/2013:05:36:12 -0700] "GET www.immigrationaustralia.info/calendar-1-year-2011-month-6-day-28.html?action=dayview&calendar=1&year=2011&month=6&day=28 HTTP/1.0" 200 3700 "-" "Mozilla/5.0 (compatible; MJ12bot/v1.4.3; http://www.majestic12.co.uk/bot.php?+)" 0 "redirect-handler" "/var/chroot/home/content/67/10830367/html/calendar.php" 62809
91.64.153.168 - - [05/Jun/2013:05:36:14 -0700] "GET www.immigrationaustralia.info/calendar-1-year-2011-month-6-day-29.html?action=dayview&calendar=1&year=2011&month=6&day=29 HTTP/1.0" 200 3699 "-" "Mozilla/5.0 (compatible; MJ12bot/v1.4.3; http://www.majestic12.co.uk/bot.php?+)" 0 "redirect-handler" "/var/chroot/home/content/67/10830367/html/calendar.php" 326749
91.64.153.168 - - [05/Jun/2013:05:36:19 -0700] "GET www.immigrationaustralia.info/calendar-1-year-2011-month-6-day-30.html?action=dayview&calendar=1&year=2011&month=6&day=30 HTTP/1.0" 200 3699 "-" "Mozilla/5.0 (compatible; MJ12bot/v1.4.3; http://www.majestic12.co.uk/bot.php?+)" 0 "redirect-handler" "/var/chroot/home/content/67/10830367/html/calendar.php" 72073
91.64.153.168 - - [05/Jun/2013:05:36:24 -0700] "GET www.immigrationaustralia.info/calendar-1-year-2011-month-6.html?calendar=1&year=2011&month=6 HTTP/1.0" 200 4259 "-" "Mozilla/5.0 (compatible; MJ12bot/v1.4.3; http://www.majestic12.co.uk/bot.php?+)" 0 "redirect-handler" "/var/chroot/home/content/67/10830367/html/calendar.php" 65253
91.64.153.168 - - [05/Jun/2013:05:36:29 -0700] "GET www.immigrationaustralia.info/calendar-1-year-2011-month-7-day-1.html?action=dayview&calendar=1&year=2011&month=7&day=1 HTTP/1.0" 200 3696 "-" "Mozilla/5.0 (compatible; MJ12bot/v1.4.3; http://www.majestic12.co.uk/bot.php?+)" 0 "redirect-handler" "/var/chroot/home/content/67/10830367/html/calendar.php" 73159
91.64.153.168 - - [05/Jun/2013:05:36:31 -0700] "GET www.immigrationaustralia.info/calendar-1-year-2011-month-7-day-10.html?action=dayview&calendar=1&year=2011&month=7&day=10 HTTP/1.0" 200 3699 "-" "Mozilla/5.0 (compatible; MJ12bot/v1.4.3; http://www.majestic12.co.uk/bot.php?+)" 0 "redirect-handler" "/var/chroot/home/content/67/10830367/html/calendar.php" 65090
91.64.153.168 - - [05/Jun/2013:05:36:33 -0700] "GET www.immigrationaustralia.info/calendar-1-year-2011-month-7-day-11.html?action=dayview&calendar=1&year=2011&month=7&day=11 HTTP/1.0" 200 3698 "-" "Mozilla/5.0 (compatible; MJ12bot/v1.4.3; http://www.majestic12.co.uk/bot.php?+)" 0 "redirect-handler" "/var/chroot/home/content/67/10830367/html/calendar.php" 111106
91.64.153.168 - - [05/Jun/2013:05:36:36 -0700] "GET www.immigrationaustralia.info/calendar-1-year-2011-month-7-day-12.html?action=dayview&calendar=1&year=2011&month=7&day=12 HTTP/1.0" 200 3700 "-" "Mozilla/5.0 (compatible; MJ12bot/v1.4.3; http://www.majestic12.co.uk/bot.php?+)" 0 "redirect-handler" "/var/chroot/home/content/67/10830367/html/calendar.php" 97428
91.64.153.168 - - [05/Jun/2013:05:36:38 -0700] "GET www.immigrationaustralia.info/calendar-1-year-2011-month-7-day-13.html?action=dayview&calendar=1&year=2011&month=7&day=13 HTTP/1.0" 200 3700 "-" "Mozilla/5.0 (compatible; MJ12bot/v1.4.3; http://www.majestic12.co.uk/bot.php?+)" 0 "redirect-handler" "/var/chroot/home/content/67/10830367/html/calendar.php" 63916
46.165.195.139 - - [05/Jun/2013:05:36:39 -0700] "GET immigrationaustralia.info/index.php HTTP/1.0" 200 38543 "-" "Pingdom.com_bot_version_1.4_(http://www.pingdom.com)" 0 "x-httpd-php5-3" "/var/chroot/home/content/67/10830367/html/index.php" 269470
91.64.153.168 - - [05/Jun/2013:05:36:41 -0700] "GET www.immigrationaustralia.info/calendar-1-year-2011-month-7-day-14.html?action=dayview&calendar=1&year=2011&month=7&day=14 HTTP/1.0" 200 3700 "-" "Mozilla/5.0 (compatible; MJ12bot/v1.4.3; http://www.majestic12.co.uk/bot.php?+)" 0 "redirect-handler" "/var/chroot/home/content/67/10830367/html/calendar.php" 112623
91.64.153.168 - - [05/Jun/2013:05:36:48 -0700] "GET www.immigrationaustralia.info/calendar-1-year-2011-month-7-day-15.html?action=dayview&calendar=1&year=2011&month=7&day=15 HTTP/1.0" 200 3699 "-" "Mozilla/5.0 (compatible; MJ12bot/v1.4.3; http://www.majestic12.co.uk/bot.php?+)" 0 "redirect-handler" "/var/chroot/home/content/67/10830367/html/calendar.php" 70396
72.46.140.106 - - [05/Jun/2013:05:40:38 -0700] "GET immigrationaustralia.info/index.php HTTP/1.0" 200 38543 "-" "Pingdom.com_bot_version_1.4_(http://www.pingdom.com)" 0 "x-httpd-php5-3" "/var/chroot/home/content/67/10830367/html/index.php" 511917
78.40.124.16 - - [05/Jun/2013:05:43:43 -0700] "GET immigrationaustralia.info/index.php HTTP/1.0" 200 38543 "-" "Pingdom.com_bot_version_1.4_(http://www.pingdom.com)" 0 "x-httpd-php5-3" "/var/chroot/home/content/67/10830367/html/index.php" 317269
174.34.224.167 - - [05/Jun/2013:05:47:38 -0700] "GET immigrationaustralia.info/index.php HTTP/1.0" 200 38543 "-" "Pingdom.com_bot_version_1.4_(http://www.pingdom.com)" 0 "x-httpd-php5-3" "/var/chroot/home/content/67/10830367/html/index.php" 372635
72.46.140.106 - - [05/Jun/2013:05:48:38 -0700] "GET immigrationaustralia.info/index.php HTTP/1.0" 200 38543 "-" "Pingdom.com_bot_version_1.4_(http://www.pingdom.com)" 0 "x-httpd-php5-3" "/var/chroot/home/content/67/10830367/html/index.php" 291998
78.40.124.16 - - [05/Jun/2013:05:51:38 -0700] "GET immigrationaustralia.info/index.php HTTP/1.0" 200 38541 "-" "Pingdom.com_bot_version_1.4_(http://www.pingdom.com)" 0 "x-httpd-php5-3" "/var/chroot/home/content/67/10830367/html/index.php" 308460
174.34.224.167 - - [05/Jun/2013:05:55:38 -0700] "GET immigrationaustralia.info/index.php HTTP/1.0" 200 38541 "-" "Pingdom.com_bot_version_1.4_(http://www.pingdom.com)" 0 "x-httpd-php5-3" "/var/chroot/home/content/67/10830367/html/index.php" 405432
72.46.140.106 - - [05/Jun/2013:05:56:40 -0700] "GET immigrationaustralia.info/index.php HTTP/1.0" 200 38541 "-" "Pingdom.com_bot_version_1.4_(http://www.pingdom.com)" 0 "x-httpd-php5-3" "/var/chroot/home/content/67/10830367/html/index.php" 566657
78.40.124.16 - - [05/Jun/2013:05:59:38 -0700] "GET immigrationaustralia.info/index.php HTTP/1.0" 200 38541 "-" "Pingdom.com_bot_version_1.4_(http://www.pingdom.com)" 0 "x-httpd-php5-3" "/var/chroot/home/content/67/10830367/html/index.php" 318644
174.34.224.167 - - [05/Jun/2013:06:03:38 -0700] "GET immigrationaustralia.info/index.php HTTP/1.0" 200 38541 "-" "Pingdom.com_bot_version_1.4_(http://www.pingdom.com)" 0 "x-httpd-php5-3" "/var/chroot/home/content/67/10830367/html/index.php" 404989
72.46.140.106 - - [05/Jun/2013:06:04:38 -0700] "GET immigrationaustralia.info/index.php HTTP/1.0" 200 38541 "-" "Pingdom.com_bot_version_1.4_(http://www.pingdom.com)" 0 "x-httpd-php5-3" "/var/chroot/home/content/67/10830367/html/index.php" 284660
95.141.32.46 - - [05/Jun/2013:06:16:39 -0700] "GET immigrationaustralia.info/index.php HTTP/1.0" 200 38543 "-" "Pingdom.com_bot_version_1.4_(http://www.pingdom.com)" 0 "x-httpd-php5-3" "/var/chroot/home/content/67/10830367/html/index.php" 716866
76.72.172.208 - - [05/Jun/2013:06:21:38 -0700] "GET immigrationaustralia.info/index.php HTTP/1.0" 200 38543 "-" "Pingdom.com_bot_version_1.4_(http://www.pingdom.com)" 0 "x-httpd-php5-3" "/var/chroot/home/content/67/10830367/html/index.php" 430296
184.75.210.226 - - [05/Jun/2013:06:22:38 -0700] "GET immigrationaustralia.info/index.php HTTP/1.0" 200 38543 "-" "Pingdom.com_bot_version_1.4_(http://www.pingdom.com)" 0 "x-httpd-php5-3" "/var/chroot/home/content/67/10830367/html/index.php" 376400
95.141.32.46 - - [05/Jun/2013:06:25:39 -0700] "GET immigrationaustralia.info/index.php HTTP/1.0" 200 38543 "-" "Pingdom.com_bot_version_1.4_(http://www.pingdom.com)" 0 "x-httpd-php5-3" "/var/chroot/home/content/67/10830367/html/index.php" 539840
76.72.172.208 - - [05/Jun/2013:06:30:38 -0700] "GET immigrationaustralia.info/index.php HTTP/1.0" 200 38543 "-" "Pingdom.com_bot_version_1.4_(http://www.pingdom.com)" 0 "x-httpd-php5-3" "/var/chroot/home/content/67/10830367/html/index.php" 386834
184.75.210.226 - - [05/Jun/2013:06:31:38 -0700] "GET immigrationaustralia.info/index.php HTTP/1.0" 200 38543 "-" "Pingdom.com_bot_version_1.4_(http://www.pingdom.com)" 0 "x-httpd-php5-3" "/var/chroot/home/content/67/10830367/html/index.php" 350961
95.141.32.46 - - [05/Jun/2013:06:34:38 -0700] "GET immigrationaustralia.info/index.php HTTP/1.0" 200 38543 "-" "Pingdom.com_bot_version_1.4_(http://www.pingdom.com)" 0 "x-httpd-php5-3" "/var/chroot/home/content/67/10830367/html/index.php" 698717
76.72.172.208 - - [05/Jun/2013:06:39:38 -0700] "GET immigrationaustralia.info/index.php HTTP/1.0" 200 38543 "-" "Pingdom.com_bot_version_1.4_(http://www.pingdom.com)" 0 "x-httpd-php5-3" "/var/chroot/home/content/67/10830367/html/index.php" 775547
95.141.32.46 - - [05/Jun/2013:06:43:38 -0700] "GET immigrationaustralia.info/index.php HTTP/1.0" 200 38543 "-" "Pingdom.com_bot_version_1.4_(http://www.pingdom.com)" 0 "x-httpd-php5-3" "/var/chroot/home/content/67/10830367/html/index.php" 509693
76.72.172.208 - - [05/Jun/2013:06:48:39 -0700] "GET immigrationaustralia.info/index.php HTTP/1.0" 200 38543 "-" "Pingdom.com_bot_version_1.4_(http://www.pingdom.com)" 0 "x-httpd-php5-3" "/var/chroot/home/content/67/10830367/html/index.php" 1210353
95.141.32.46 - - [05/Jun/2013:06:52:38 -0700] "GET immigrationaustralia.info/index.php HTTP/1.0" 200 38543 "-" "Pingdom.com_bot_version_1.4_(http://www.pingdom.com)" 0 "x-httpd-php5-3" "/var/chroot/home/content/67/10830367/html/index.php" 499128
76.72.172.208 - - [05/Jun/2013:06:57:38 -0700] "GET immigrationaustralia.info/index.php HTTP/1.0" 200 38549 "-" "Pingdom.com_bot_version_1.4_(http://www.pingdom.com)" 0 "x-httpd-php5-3" "/var/chroot/home/content/67/10830367/html/index.php" 609611
95.141.32.46 - - [05/Jun/2013:07:01:46 -0700] "GET immigrationaustralia.info/index.php HTTP/1.0" 200 38549 "-" "Pingdom.com_bot_version_1.4_(http://www.pingdom.com)" 0 "x-httpd-php5-3" "/var/chroot/home/content/67/10830367/html/index.php" 604356
76.72.172.208 - - [05/Jun/2013:07:06:38 -0700] "GET immigrationaustralia.info/index.php HTTP/1.0" 200 38548 "-" "Pingdom.com_bot_version_1.4_(http://www.pingdom.com)" 0 "x-httpd-php5-3" "/var/chroot/home/content/67/10830367/html/index.php" 430665
65.55.52.116 - - [05/Jun/2013:07:14:34 -0700] "GET www.immigrationaustralia.info/archive/index.php/forum-27.html HTTP/1.1" 404 272 "-" "Mozilla/5.0 (compatible; bingbot/2.0; +http://www.bing.com/bingbot.htm)" 0 "x-httpd-php5-3" "/var/chroot/home/content/67/10830367/html/archive/index.php" 110403
72.46.140.106 - - [05/Jun/2013:07:14:42 -0700] "GET immigrationaustralia.info/index.php HTTP/1.0" 200 38541 "-" "Pingdom.com_bot_version_1.4_(http://www.pingdom.com)" 0 "x-httpd-php5-3" "/var/chroot/home/content/67/10830367/html/index.php" 1127910
184.75.210.226 - - [05/Jun/2013:07:16:38 -0700] "GET immigrationaustralia.info/index.php HTTP/1.0" 200 38543 "-" "Pingdom.com_bot_version_1.4_(http://www.pingdom.com)" 0 "x-httpd-php5-3" "/var/chroot/home/content/67/10830367/html/index.php" 359635
78.40.124.16 - - [05/Jun/2013:07:17:38 -0700] "GET immigrationaustralia.info/index.php HTTP/1.0" 200 38543 "-" "Pingdom.com_bot_version_1.4_(http://www.pingdom.com)" 0 "x-httpd-php5-3" "/var/chroot/home/content/67/10830367/html/index.php" 320209
