91.109.115.41 - - [06/Jun/2013:00:00:38 -0700] "GET immigrationaustralia.info/index.php HTTP/1.0" 200 38545 "-" "Pingdom.com_bot_version_1.4_(http://www.pingdom.com)" 0 "x-httpd-php5-3" "/var/chroot/home/content/67/10830367/html/index.php" 713658
91.109.115.41 - - [06/Jun/2013:00:09:40 -0700] "GET immigrationaustralia.info/index.php HTTP/1.0" 200 38540 "-" "Pingdom.com_bot_version_1.4_(http://www.pingdom.com)" 0 "x-httpd-php5-3" "/var/chroot/home/content/67/10830367/html/index.php" 856274
91.109.115.41 - - [06/Jun/2013:00:18:38 -0700] "GET immigrationaustralia.info/index.php HTTP/1.0" 200 38561 "-" "Pingdom.com_bot_version_1.4_(http://www.pingdom.com)" 0 "x-httpd-php5-3" "/var/chroot/home/content/67/10830367/html/index.php" 719686
5.135.46.155 - - [06/Jun/2013:00:25:40 -0700] "GET www.immigrationaustralia.info/forum-renting-real-estate?google_seo_forum=renting-real-estate HTTP/1.1" 200 5211 "http://www.immigrationaustralia.info/" "Mozilla/4.0 (compatible; MSIE 6.0; Windows NT 5.1; SV1; FunWebProducts; .NET CLR 1.1.4322; PeoplePal 6.2)" 0 "redirect-handler" "/var/chroot/home/content/67/10830367/html/forumdisplay.php" 176862
5.135.46.155 - - [06/Jun/2013:00:25:40 -0700] "GET www.immigrationaustralia.info/member.php?action=register HTTP/1.1" 200 4334 "http://www.immigrationaustralia.info/forum-renting-real-estate" "Mozilla/4.0 (compatible; MSIE 6.0; Windows NT 5.1; SV1; FunWebProducts; .NET CLR 1.1.4322; PeoplePal 6.2)" 0 "x-httpd-php5-3" "/var/chroot/home/content/67/10830367/html/member.php" 123647
5.135.46.155 - - [06/Jun/2013:00:25:41 -0700] "POST www.immigrationaustralia.info/member.php HTTP/1.1" 200 5649 "http://www.immigrationaustralia.info/member.php?action=register" "Mozilla/4.0 (compatible; MSIE 6.0; Windows NT 5.1; SV1; FunWebProducts; .NET CLR 1.1.4322; PeoplePal 6.2)" 0 "x-httpd-php5-3" "/var/chroot/home/content/67/10830367/html/member.php" 112307
5.135.46.155 - - [06/Jun/2013:00:25:43 -0700] "GET www.immigrationaustralia.info/captcha.php?action=regimage&imagehash=c8f4228b441cc35ff12170700ad5d1db HTTP/1.1" 200 23790 "http://www.immigrationaustralia.info/member.php?action=register" "Mozilla/4.0 (compatible; MSIE 6.0; Windows NT 5.1; SV1; FunWebProducts; .NET CLR 1.1.4322; PeoplePal 6.2)" 0 "x-httpd-php5-3" "/var/chroot/home/content/67/10830367/html/captcha.php" 810055
5.135.46.155 - - [06/Jun/2013:00:25:51 -0700] "POST www.immigrationaustralia.info/member.php HTTP/1.1" 404 3247 "http://www.immigrationaustralia.info/member.php?action=register" "Mozilla/4.0 (compatible; MSIE 6.0; Windows NT 5.1; SV1; FunWebProducts; .NET CLR 1.1.4322; PeoplePal 6.2)" 0 "x-httpd-php5-3" "/var/chroot/home/content/67/10830367/html/member.php" 91920
91.109.115.41 - - [06/Jun/2013:00:27:38 -0700] "GET immigrationaustralia.info/index.php HTTP/1.0" 200 38561 "-" "Pingdom.com_bot_version_1.4_(http://www.pingdom.com)" 0 "x-httpd-php5-3" "/var/chroot/home/content/67/10830367/html/index.php" 500603
77.88.26.27 - - [06/Jun/2013:00:36:39 -0700] "GET immigrationaustralia.info/forum-moving-back?google_seo_forum=moving-back HTTP/1.1" 301 669 "-" "Mozilla/5.0 (compatible; YandexBot/3.0; +http://yandex.com/bots)" 0 "redirect-handler" "/var/chroot/home/content/67/10830367/html/forumdisplay.php" 78648
91.109.115.41 - - [06/Jun/2013:00:36:38 -0700] "GET immigrationaustralia.info/index.php HTTP/1.0" 200 38540 "-" "Pingdom.com_bot_version_1.4_(http://www.pingdom.com)" 0 "x-httpd-php5-3" "/var/chroot/home/content/67/10830367/html/index.php" 768156
91.109.115.41 - - [06/Jun/2013:00:45:38 -0700] "GET immigrationaustralia.info/index.php HTTP/1.0" 200 38544 "-" "Pingdom.com_bot_version_1.4_(http://www.pingdom.com)" 0 "x-httpd-php5-3" "/var/chroot/home/content/67/10830367/html/index.php" 685212
91.109.115.41 - - [06/Jun/2013:00:54:38 -0700] "GET immigrationaustralia.info/index.php HTTP/1.0" 200 38564 "-" "Pingdom.com_bot_version_1.4_(http://www.pingdom.com)" 0 "x-httpd-php5-3" "/var/chroot/home/content/67/10830367/html/index.php" 791369
91.109.115.41 - - [06/Jun/2013:01:03:39 -0700] "GET immigrationaustralia.info/index.php HTTP/1.0" 200 38540 "-" "Pingdom.com_bot_version_1.4_(http://www.pingdom.com)" 0 "x-httpd-php5-3" "/var/chroot/home/content/67/10830367/html/index.php" 780718
77.88.26.27 - - [06/Jun/2013:01:06:03 -0700] "GET immigrationaustralia.info/forum-victoria?google_seo_forum=victoria HTTP/1.1" 301 665 "-" "Mozilla/5.0 (compatible; YandexBot/3.0; +http://yandex.com/bots)" 4 "redirect-handler" "/var/chroot/home/content/67/10830367/html/forumdisplay.php" 150516
46.161.41.24 - - [06/Jun/2013:01:09:20 -0700] "GET www.immigrationaustralia.info/how-long-will-it-take-to-earn-a-million-dollars.thread?google_seo_thread=how-long-will-it-take-to-earn-a-million-dollars&action=lastpost HTTP/1.1" 302 707 "-" "Mozilla/4.0 (compatible; MSIE 6.0; MSIE 5.5; Windows 95) Opera 7.03 [de]" 0 "redirect-handler" "/var/chroot/home/content/67/10830367/html/showthread.php" 149412
46.161.41.24 - - [06/Jun/2013:01:09:22 -0700] "GET www.immigrationaustralia.info/how-long-will-it-take-to-earn-a-million-dollars.thread?google_seo_thread=how-long-will-it-take-to-earn-a-million-dollars&pid=72 HTTP/1.1" 301 712 "-" "Mozilla/4.0 (compatible; MSIE 6.0; MSIE 5.5; Windows 95) Opera 7.03 [de]" 1 "redirect-handler" "/var/chroot/home/content/67/10830367/html/showthread.php" 66615
46.161.41.24 - - [06/Jun/2013:01:09:31 -0700] "GET www.immigrationaustralia.info/how-long-will-it-take-to-earn-a-million-dollars.thread?google_seo_thread=how-long-will-it-take-to-earn-a-million-dollars&pid=72 HTTP/1.1" 200 6292 "-" "Mozilla/4.0 (compatible; MSIE 6.0; MSIE 5.5; Windows 95) Opera 7.03 [de]" 0 "redirect-handler" "/var/chroot/home/content/67/10830367/html/showthread.php" 276731
91.109.115.41 - - [06/Jun/2013:01:12:38 -0700] "GET immigrationaustralia.info/index.php HTTP/1.0" 200 38545 "-" "Pingdom.com_bot_version_1.4_(http://www.pingdom.com)" 0 "x-httpd-php5-3" "/var/chroot/home/content/67/10830367/html/index.php" 486358
91.109.115.41 - - [06/Jun/2013:01:21:38 -0700] "GET immigrationaustralia.info/index.php HTTP/1.0" 200 38545 "-" "Pingdom.com_bot_version_1.4_(http://www.pingdom.com)" 0 "x-httpd-php5-3" "/var/chroot/home/content/67/10830367/html/index.php" 824691
180.76.6.212 - - [06/Jun/2013:01:25:26 -0700] "GET www.immigrationaustralia.info/syndication.php?type=atom1.0&fid=32 HTTP/1.1" 200 5795 "-" "Mozilla/5.0 (compatible; Baiduspider/2.0; +http://www.baidu.com/search/spider.html)" 0 "x-httpd-php5-3" "/var/chroot/home/content/67/10830367/html/syndication.php" 317615
91.109.115.41 - - [06/Jun/2013:01:30:38 -0700] "GET immigrationaustralia.info/index.php HTTP/1.0" 200 38540 "-" "Pingdom.com_bot_version_1.4_(http://www.pingdom.com)" 0 "x-httpd-php5-3" "/var/chroot/home/content/67/10830367/html/index.php" 558913
91.109.115.41 - - [06/Jun/2013:01:39:38 -0700] "GET immigrationaustralia.info/index.php HTTP/1.0" 200 38561 "-" "Pingdom.com_bot_version_1.4_(http://www.pingdom.com)" 0 "x-httpd-php5-3" "/var/chroot/home/content/67/10830367/html/index.php" 725997
91.109.115.41 - - [06/Jun/2013:01:48:38 -0700] "GET immigrationaustralia.info/index.php HTTP/1.0" 200 38561 "-" "Pingdom.com_bot_version_1.4_(http://www.pingdom.com)" 0 "x-httpd-php5-3" "/var/chroot/home/content/67/10830367/html/index.php" 903923
91.109.115.41 - - [06/Jun/2013:01:57:38 -0700] "GET immigrationaustralia.info/index.php HTTP/1.0" 200 38540 "-" "Pingdom.com_bot_version_1.4_(http://www.pingdom.com)" 0 "x-httpd-php5-3" "/var/chroot/home/content/67/10830367/html/index.php" 710880
91.109.115.41 - - [06/Jun/2013:02:06:38 -0700] "GET immigrationaustralia.info/index.php HTTP/1.0" 200 38540 "-" "Pingdom.com_bot_version_1.4_(http://www.pingdom.com)" 0 "x-httpd-php5-3" "/var/chroot/home/content/67/10830367/html/index.php" 715951
91.109.115.41 - - [06/Jun/2013:02:15:38 -0700] "GET immigrationaustralia.info/index.php HTTP/1.0" 200 38566 "-" "Pingdom.com_bot_version_1.4_(http://www.pingdom.com)" 0 "x-httpd-php5-3" "/var/chroot/home/content/67/10830367/html/index.php" 677326
91.109.115.41 - - [06/Jun/2013:02:24:38 -0700] "GET immigrationaustralia.info/index.php HTTP/1.0" 200 38546 "-" "Pingdom.com_bot_version_1.4_(http://www.pingdom.com)" 0 "x-httpd-php5-3" "/var/chroot/home/content/67/10830367/html/index.php" 737554
91.109.115.41 - - [06/Jun/2013:02:33:38 -0700] "GET immigrationaustralia.info/index.php HTTP/1.0" 200 38540 "-" "Pingdom.com_bot_version_1.4_(http://www.pingdom.com)" 0 "x-httpd-php5-3" "/var/chroot/home/content/67/10830367/html/index.php" 729124
91.109.115.41 - - [06/Jun/2013:02:42:38 -0700] "GET immigrationaustralia.info/index.php HTTP/1.0" 200 38540 "-" "Pingdom.com_bot_version_1.4_(http://www.pingdom.com)" 0 "x-httpd-php5-3" "/var/chroot/home/content/67/10830367/html/index.php" 715210
95.211.217.68 - - [06/Jun/2013:02:50:40 -0700] "GET immigrationaustralia.info/index.php HTTP/1.0" 200 38540 "-" "Pingdom.com_bot_version_1.4_(http://www.pingdom.com)" 0 "x-httpd-php5-3" "/var/chroot/home/content/67/10830367/html/index.php" 525510
91.109.115.41 - - [06/Jun/2013:02:51:38 -0700] "GET immigrationaustralia.info/index.php HTTP/1.0" 200 38561 "-" "Pingdom.com_bot_version_1.4_(http://www.pingdom.com)" 0 "x-httpd-php5-3" "/var/chroot/home/content/67/10830367/html/index.php" 541084
95.211.217.68 - - [06/Jun/2013:02:59:38 -0700] "GET immigrationaustralia.info/index.php HTTP/1.0" 200 38538 "-" "Pingdom.com_bot_version_1.4_(http://www.pingdom.com)" 0 "x-httpd-php5-3" "/var/chroot/home/content/67/10830367/html/index.php" 1774565
91.109.115.41 - - [06/Jun/2013:03:00:38 -0700] "GET immigrationaustralia.info/index.php HTTP/1.0" 200 38538 "-" "Pingdom.com_bot_version_1.4_(http://www.pingdom.com)" 0 "x-httpd-php5-3" "/var/chroot/home/content/67/10830367/html/index.php" 471268
95.211.217.68 - - [06/Jun/2013:03:08:38 -0700] "GET immigrationaustralia.info/index.php HTTP/1.0" 200 38538 "-" "Pingdom.com_bot_version_1.4_(http://www.pingdom.com)" 0 "x-httpd-php5-3" "/var/chroot/home/content/67/10830367/html/index.php" 564858
46.165.195.139 - - [06/Jun/2013:03:15:39 -0700] "GET immigrationaustralia.info/index.php HTTP/1.0" 200 38538 "-" "Pingdom.com_bot_version_1.4_(http://www.pingdom.com)" 0 "x-httpd-php5-3" "/var/chroot/home/content/67/10830367/html/index.php" 524882
95.211.217.68 - - [06/Jun/2013:03:17:38 -0700] "GET immigrationaustralia.info/index.php HTTP/1.0" 200 38538 "-" "Pingdom.com_bot_version_1.4_(http://www.pingdom.com)" 0 "x-httpd-php5-3" "/var/chroot/home/content/67/10830367/html/index.php" 295564
46.165.195.139 - - [06/Jun/2013:03:24:39 -0700] "GET immigrationaustralia.info/index.php HTTP/1.0" 200 38540 "-" "Pingdom.com_bot_version_1.4_(http://www.pingdom.com)" 0 "x-httpd-php5-3" "/var/chroot/home/content/67/10830367/html/index.php" 522321
95.211.217.68 - - [06/Jun/2013:03:26:38 -0700] "GET immigrationaustralia.info/index.php HTTP/1.0" 200 38540 "-" "Pingdom.com_bot_version_1.4_(http://www.pingdom.com)" 0 "x-httpd-php5-3" "/var/chroot/home/content/67/10830367/html/index.php" 348681
46.165.195.139 - - [06/Jun/2013:03:33:38 -0700] "GET immigrationaustralia.info/index.php HTTP/1.0" 200 38540 "-" "Pingdom.com_bot_version_1.4_(http://www.pingdom.com)" 0 "x-httpd-php5-3" "/var/chroot/home/content/67/10830367/html/index.php" 489797
95.211.217.68 - - [06/Jun/2013:03:35:38 -0700] "GET immigrationaustralia.info/index.php HTTP/1.0" 200 38538 "-" "Pingdom.com_bot_version_1.4_(http://www.pingdom.com)" 0 "x-httpd-php5-3" "/var/chroot/home/content/67/10830367/html/index.php" 336038
91.109.115.41 - - [06/Jun/2013:03:36:38 -0700] "GET immigrationaustralia.info/index.php HTTP/1.0" 200 38538 "-" "Pingdom.com_bot_version_1.4_(http://www.pingdom.com)" 0 "x-httpd-php5-3" "/var/chroot/home/content/67/10830367/html/index.php" 521162
95.211.217.68 - - [06/Jun/2013:03:44:39 -0700] "GET immigrationaustralia.info/index.php HTTP/1.0" 200 38538 "-" "Pingdom.com_bot_version_1.4_(http://www.pingdom.com)" 0 "x-httpd-php5-3" "/var/chroot/home/content/67/10830367/html/index.php" 659802
95.211.217.68 - - [06/Jun/2013:03:53:38 -0700] "GET immigrationaustralia.info/index.php HTTP/1.0" 200 38538 "-" "Pingdom.com_bot_version_1.4_(http://www.pingdom.com)" 0 "x-httpd-php5-3" "/var/chroot/home/content/67/10830367/html/index.php" 578144
95.211.217.68 - - [06/Jun/2013:04:02:38 -0700] "GET immigrationaustralia.info/index.php HTTP/1.0" 200 38538 "-" "Pingdom.com_bot_version_1.4_(http://www.pingdom.com)" 0 "x-httpd-php5-3" "/var/chroot/home/content/67/10830367/html/index.php" 551074
95.211.217.68 - - [06/Jun/2013:04:11:38 -0700] "GET immigrationaustralia.info/index.php HTTP/1.0" 200 38540 "-" "Pingdom.com_bot_version_1.4_(http://www.pingdom.com)" 0 "x-httpd-php5-3" "/var/chroot/home/content/67/10830367/html/index.php" 545210
180.76.6.225 - - [06/Jun/2013:04:17:27 -0700] "GET www.immigrationaustralia.info/index.php HTTP/1.1" 200 7159 "-" "Mozilla/5.0 (compatible; Baiduspider/2.0; +http://www.baidu.com/search/spider.html)" 0 "x-httpd-php5-3" "/var/chroot/home/content/67/10830367/html/index.php" 179075
95.211.217.68 - - [06/Jun/2013:04:20:38 -0700] "GET immigrationaustralia.info/index.php HTTP/1.0" 200 38545 "-" "Pingdom.com_bot_version_1.4_(http://www.pingdom.com)" 0 "x-httpd-php5-3" "/var/chroot/home/content/67/10830367/html/index.php" 348338
95.211.217.68 - - [06/Jun/2013:04:29:39 -0700] "GET immigrationaustralia.info/index.php HTTP/1.0" 200 38545 "-" "Pingdom.com_bot_version_1.4_(http://www.pingdom.com)" 0 "x-httpd-php5-3" "/var/chroot/home/content/67/10830367/html/index.php" 524017
95.211.217.68 - - [06/Jun/2013:04:38:38 -0700] "GET immigrationaustralia.info/index.php HTTP/1.0" 200 38540 "-" "Pingdom.com_bot_version_1.4_(http://www.pingdom.com)" 0 "x-httpd-php5-3" "/var/chroot/home/content/67/10830367/html/index.php" 720328
95.211.217.68 - - [06/Jun/2013:04:47:38 -0700] "GET immigrationaustralia.info/index.php HTTP/1.0" 200 38545 "-" "Pingdom.com_bot_version_1.4_(http://www.pingdom.com)" 0 "x-httpd-php5-3" "/var/chroot/home/content/67/10830367/html/index.php" 616340
95.211.217.68 - - [06/Jun/2013:04:56:38 -0700] "GET immigrationaustralia.info/index.php HTTP/1.0" 200 38545 "-" "Pingdom.com_bot_version_1.4_(http://www.pingdom.com)" 0 "x-httpd-php5-3" "/var/chroot/home/content/67/10830367/html/index.php" 708280
208.115.113.92 - - [06/Jun/2013:04:56:53 -0700] "GET www.immigrationaustralia.info/robots.txt HTTP/1.1" 200 1148 "-" "Mozilla/5.0 (compatible; Ezooms/1.0; ezooms.bot@gmail.com)" 0 "-" "/var/chroot/home/content/67/10830367/html/robots.txt" 91829
95.211.217.68 - - [06/Jun/2013:05:05:38 -0700] "GET immigrationaustralia.info/index.php HTTP/1.0" 200 38540 "-" "Pingdom.com_bot_version_1.4_(http://www.pingdom.com)" 0 "x-httpd-php5-3" "/var/chroot/home/content/67/10830367/html/index.php" 505593
95.211.217.68 - - [06/Jun/2013:05:14:38 -0700] "GET immigrationaustralia.info/index.php HTTP/1.0" 200 38561 "-" "Pingdom.com_bot_version_1.4_(http://www.pingdom.com)" 0 "x-httpd-php5-3" "/var/chroot/home/content/67/10830367/html/index.php" 525837
208.115.113.92 - - [06/Jun/2013:05:22:54 -0700] "GET www.immigrationaustralia.info/user-233.html?action=profile&uid=233 HTTP/1.1" 403 10393 "-" "Mozilla/5.0 (compatible; Ezooms/1.0; ezooms.bot@gmail.com)" 0 "redirect-handler" "/var/chroot/home/content/67/10830367/html/member.php" 396415
95.211.217.68 - - [06/Jun/2013:05:23:38 -0700] "GET immigrationaustralia.info/index.php HTTP/1.0" 200 38540 "-" "Pingdom.com_bot_version_1.4_(http://www.pingdom.com)" 0 "x-httpd-php5-3" "/var/chroot/home/content/67/10830367/html/index.php" 276691
95.211.217.68 - - [06/Jun/2013:05:32:38 -0700] "GET immigrationaustralia.info/index.php HTTP/1.0" 200 38561 "-" "Pingdom.com_bot_version_1.4_(http://www.pingdom.com)" 0 "x-httpd-php5-3" "/var/chroot/home/content/67/10830367/html/index.php" 557305
184.75.210.226 - - [06/Jun/2013:05:37:38 -0700] "GET immigrationaustralia.info/index.php HTTP/1.0" 200 38540 "-" "Pingdom.com_bot_version_1.4_(http://www.pingdom.com)" 0 "x-httpd-php5-3" "/var/chroot/home/content/67/10830367/html/index.php" 576753
91.109.115.41 - - [06/Jun/2013:05:42:38 -0700] "GET immigrationaustralia.info/index.php HTTP/1.0" 200 38538 "-" "Pingdom.com_bot_version_1.4_(http://www.pingdom.com)" 0 "x-httpd-php5-3" "/var/chroot/home/content/67/10830367/html/index.php" 572368
174.34.224.167 - - [06/Jun/2013:05:43:38 -0700] "GET immigrationaustralia.info/index.php HTTP/1.0" 200 38544 "-" "Pingdom.com_bot_version_1.4_(http://www.pingdom.com)" 0 "x-httpd-php5-3" "/var/chroot/home/content/67/10830367/html/index.php" 323809
184.75.210.226 - - [06/Jun/2013:05:46:38 -0700] "GET immigrationaustralia.info/index.php HTTP/1.0" 200 38565 "-" "Pingdom.com_bot_version_1.4_(http://www.pingdom.com)" 0 "x-httpd-php5-3" "/var/chroot/home/content/67/10830367/html/index.php" 403173
91.109.115.41 - - [06/Jun/2013:05:51:38 -0700] "GET immigrationaustralia.info/index.php HTTP/1.0" 200 38544 "-" "Pingdom.com_bot_version_1.4_(http://www.pingdom.com)" 0 "x-httpd-php5-3" "/var/chroot/home/content/67/10830367/html/index.php" 501173
174.34.224.167 - - [06/Jun/2013:05:52:38 -0700] "GET immigrationaustralia.info/index.php HTTP/1.0" 200 38544 "-" "Pingdom.com_bot_version_1.4_(http://www.pingdom.com)" 0 "x-httpd-php5-3" "/var/chroot/home/content/67/10830367/html/index.php" 316174
184.75.210.226 - - [06/Jun/2013:05:55:38 -0700] "GET immigrationaustralia.info/index.php HTTP/1.0" 200 38544 "-" "Pingdom.com_bot_version_1.4_(http://www.pingdom.com)" 0 "x-httpd-php5-3" "/var/chroot/home/content/67/10830367/html/index.php" 757372
91.109.115.41 - - [06/Jun/2013:06:00:38 -0700] "GET immigrationaustralia.info/index.php HTTP/1.0" 200 38538 "-" "Pingdom.com_bot_version_1.4_(http://www.pingdom.com)" 0 "x-httpd-php5-3" "/var/chroot/home/content/67/10830367/html/index.php" 538881
174.34.224.167 - - [06/Jun/2013:06:01:38 -0700] "GET immigrationaustralia.info/index.php HTTP/1.0" 200 38559 "-" "Pingdom.com_bot_version_1.4_(http://www.pingdom.com)" 0 "x-httpd-php5-3" "/var/chroot/home/content/67/10830367/html/index.php" 331955
76.72.172.208 - - [06/Jun/2013:06:03:38 -0700] "GET immigrationaustralia.info/index.php HTTP/1.0" 200 38559 "-" "Pingdom.com_bot_version_1.4_(http://www.pingdom.com)" 0 "x-httpd-php5-3" "/var/chroot/home/content/67/10830367/html/index.php" 428719
184.75.210.226 - - [06/Jun/2013:06:04:38 -0700] "GET immigrationaustralia.info/index.php HTTP/1.0" 200 38538 "-" "Pingdom.com_bot_version_1.4_(http://www.pingdom.com)" 0 "x-httpd-php5-3" "/var/chroot/home/content/67/10830367/html/index.php" 824075
76.72.172.208 - - [06/Jun/2013:06:12:38 -0700] "GET immigrationaustralia.info/index.php HTTP/1.0" 200 38538 "-" "Pingdom.com_bot_version_1.4_(http://www.pingdom.com)" 0 "x-httpd-php5-3" "/var/chroot/home/content/67/10830367/html/index.php" 634360
95.141.32.46 - - [06/Jun/2013:06:16:39 -0700] "GET immigrationaustralia.info/index.php HTTP/1.0" 200 38544 "-" "Pingdom.com_bot_version_1.4_(http://www.pingdom.com)" 0 "x-httpd-php5-3" "/var/chroot/home/content/67/10830367/html/index.php" 563393
207.172.209.16 - - [06/Jun/2013:06:16:45 -0700] "GET www.immigrationaustralia.info/5-surprises-cruising-western-australia\xe2\x80\x99s-kimberley-coast.thread?google_seo_thread=5-surprises-cruising-western-australia\xe2\x80\x99s-kimberley-coast&action=lastpost HTTP/1.1" 302 724 "-" "Mozilla/5.0 (Windows NT 6.1; WOW64; rv:12.0) Gecko/20100101 Firefox/12.0" 0 "redirect-handler" "/var/chroot/home/content/67/10830367/html/showthread.php" 188183
207.172.209.16 - - [06/Jun/2013:06:16:45 -0700] "GET www.immigrationaustralia.info/457-reform-discussion-paper-released.thread?google_seo_thread=457-reform-discussion-paper-released&action=lastpost HTTP/1.1" 302 696 "-" "Mozilla/5.0 (Windows NT 6.1; WOW64; rv:12.0) Gecko/20100101 Firefox/12.0" 0 "redirect-handler" "/var/chroot/home/content/67/10830367/html/showthread.php" 739055
207.172.209.16 - - [06/Jun/2013:06:16:45 -0700] "GET www.immigrationaustralia.info/10-best-snorkelling-sites-in-queensland.thread?google_seo_thread=10-best-snorkelling-sites-in-queensland&action=lastpost HTTP/1.1" 302 699 "-" "Mozilla/5.0 (Windows NT 6.1; WOW64; rv:12.0) Gecko/20100101 Firefox/12.0" 0 "redirect-handler" "/var/chroot/home/content/67/10830367/html/showthread.php" 805024
207.172.209.16 - - [06/Jun/2013:06:16:45 -0700] "GET www.immigrationaustralia.info/arts-festivals-in-adelaide-south-australia.thread?google_seo_thread=arts-festivals-in-adelaide-south-australia&action=lastpost HTTP/1.1" 302 702 "-" "Mozilla/5.0 (Windows NT 6.1; WOW64; rv:12.0) Gecko/20100101 Firefox/12.0" 0 "redirect-handler" "/var/chroot/home/content/67/10830367/html/showthread.php" 828035
207.172.209.16 - - [06/Jun/2013:06:16:45 -0700] "GET www.immigrationaustralia.info/163-thousand-reasons-to-work-in-oil-and-gas.thread?google_seo_thread=163-thousand-reasons-to-work-in-oil-and-gas&action=lastpost HTTP/1.1" 302 703 "-" "Mozilla/5.0 (Windows NT 6.1; WOW64; rv:12.0) Gecko/20100101 Firefox/12.0" 0 "redirect-handler" "/var/chroot/home/content/67/10830367/html/showthread.php" 849590
207.172.209.16 - - [06/Jun/2013:06:16:45 -0700] "GET www.immigrationaustralia.info/calendar.php HTTP/1.1" 301 667 "-" "Mozilla/5.0 (Windows NT 6.1; WOW64; rv:12.0) Gecko/20100101 Firefox/12.0" 0 "x-httpd-php5-3" "/var/chroot/home/content/67/10830367/html/calendar.php" 841889
207.172.209.16 - - [06/Jun/2013:06:16:45 -0700] "GET www.immigrationaustralia.info/forum-admins-mods?google_seo_forum=admins-mods HTTP/1.1" 403 3967 "-" "Mozilla/5.0 (Windows NT 6.1; WOW64; rv:12.0) Gecko/20100101 Firefox/12.0" 0 "redirect-handler" "/var/chroot/home/content/67/10830367/html/forumdisplay.php" 771620
207.172.209.16 - - [06/Jun/2013:06:16:45 -0700] "GET www.immigrationaustralia.info/archive/index.php HTTP/1.1" 200 1645 "-" "Mozilla/5.0 (Windows NT 6.1; WOW64; rv:12.0) Gecko/20100101 Firefox/12.0" 0 "x-httpd-php5-3" "/var/chroot/home/content/67/10830367/html/archive/index.php" 1030776
207.172.209.16 - - [06/Jun/2013:06:16:45 -0700] "GET www.immigrationaustralia.info/do-i-have-to-work-when-i-will-apply-for-a-visa.thread?google_seo_thread=do-i-have-to-work-when-i-will-apply-for-a-visa&action=lastpost HTTP/1.1" 302 706 "-" "Mozilla/5.0 (Windows NT 6.1; WOW64; rv:12.0) Gecko/20100101 Firefox/12.0" 0 "redirect-handler" "/var/chroot/home/content/67/10830367/html/showthread.php" 1001125
207.172.209.16 - - [06/Jun/2013:06:16:45 -0700] "GET www.immigrationaustralia.info/forum-australian-capital-territory?google_seo_forum=australian-capital-territory HTTP/1.1" 200 4568 "-" "Mozilla/5.0 (Windows NT 6.1; WOW64; rv:12.0) Gecko/20100101 Firefox/12.0" 0 "redirect-handler" "/var/chroot/home/content/67/10830367/html/forumdisplay.php" 977932
207.172.209.16 - - [06/Jun/2013:06:16:45 -0700] "GET www.immigrationaustralia.info/forum-arround-the-house?google_seo_forum=arround-the-house HTTP/1.1" 200 5366 "-" "Mozilla/5.0 (Windows NT 6.1; WOW64; rv:12.0) Gecko/20100101 Firefox/12.0" 0 "redirect-handler" "/var/chroot/home/content/67/10830367/html/forumdisplay.php" 1049274
207.172.209.16 - - [06/Jun/2013:06:16:45 -0700] "GET www.immigrationaustralia.info/5-surprises-cruising-western-australia\xe2\x80\x99s-kimberley-coast.thread?google_seo_thread=5-surprises-cruising-western-australia\xe2\x80\x99s-kimberley-coast&pid=66 HTTP/1.1" 301 729 "-" "Mozilla/5.0 (Windows NT 6.1; WOW64; rv:12.0) Gecko/20100101 Firefox/12.0" 1 "redirect-handler" "/var/chroot/home/content/67/10830367/html/showthread.php" 751334
207.172.209.16 - - [06/Jun/2013:06:16:46 -0700] "GET www.immigrationaustralia.info/arts-festivals-in-adelaide-south-australia.thread?google_seo_thread=arts-festivals-in-adelaide-south-australia&pid=97 HTTP/1.1" 301 707 "-" "Mozilla/5.0 (Windows NT 6.1; WOW64; rv:12.0) Gecko/20100101 Firefox/12.0" 1 "redirect-handler" "/var/chroot/home/content/67/10830367/html/showthread.php" 186360
207.172.209.16 - - [06/Jun/2013:06:16:46 -0700] "GET www.immigrationaustralia.info/163-thousand-reasons-to-work-in-oil-and-gas.thread?google_seo_thread=163-thousand-reasons-to-work-in-oil-and-gas&pid=96 HTTP/1.1" 301 708 "-" "Mozilla/5.0 (Windows NT 6.1; WOW64; rv:12.0) Gecko/20100101 Firefox/12.0" 1 "redirect-handler" "/var/chroot/home/content/67/10830367/html/showthread.php" 189821
207.172.209.16 - - [06/Jun/2013:06:16:46 -0700] "GET www.immigrationaustralia.info/10-best-snorkelling-sites-in-queensland.thread?google_seo_thread=10-best-snorkelling-sites-in-queensland&pid=18 HTTP/1.1" 301 704 "-" "Mozilla/5.0 (Windows NT 6.1; WOW64; rv:12.0) Gecko/20100101 Firefox/12.0" 1 "redirect-handler" "/var/chroot/home/content/67/10830367/html/showthread.php" 256321
207.172.209.16 - - [06/Jun/2013:06:16:46 -0700] "GET www.immigrationaustralia.info/calendar-1.html?calendar=1 HTTP/1.1" 200 4340 "-" "Mozilla/5.0 (Windows NT 6.1; WOW64; rv:12.0) Gecko/20100101 Firefox/12.0" 1 "redirect-handler" "/var/chroot/home/content/67/10830367/html/calendar.php" 293209
207.172.209.16 - - [06/Jun/2013:06:16:46 -0700] "GET www.immigrationaustralia.info/do-i-have-to-work-when-i-will-apply-for-a-visa.thread?google_seo_thread=do-i-have-to-work-when-i-will-apply-for-a-visa&pid=52 HTTP/1.1" 301 711 "-" "Mozilla/5.0 (Windows NT 6.1; WOW64; rv:12.0) Gecko/20100101 Firefox/12.0" 1 "redirect-handler" "/var/chroot/home/content/67/10830367/html/showthread.php" 176370
207.172.209.16 - - [06/Jun/2013:06:16:46 -0700] "GET www.immigrationaustralia.info/457-reform-discussion-paper-released.thread?google_seo_thread=457-reform-discussion-paper-released&pid=95 HTTP/1.1" 301 701 "-" "Mozilla/5.0 (Windows NT 6.1; WOW64; rv:12.0) Gecko/20100101 Firefox/12.0" 1 "redirect-handler" "/var/chroot/home/content/67/10830367/html/showthread.php" 75235
76.72.172.208 - - [06/Jun/2013:06:21:38 -0700] "GET immigrationaustralia.info/index.php HTTP/1.0" 200 38545 "-" "Pingdom.com_bot_version_1.4_(http://www.pingdom.com)" 0 "x-httpd-php5-3" "/var/chroot/home/content/67/10830367/html/index.php" 586233
95.141.32.46 - - [06/Jun/2013:06:25:39 -0700] "GET immigrationaustralia.info/index.php HTTP/1.0" 200 38545 "-" "Pingdom.com_bot_version_1.4_(http://www.pingdom.com)" 0 "x-httpd-php5-3" "/var/chroot/home/content/67/10830367/html/index.php" 557826
76.72.172.208 - - [06/Jun/2013:06:30:38 -0700] "GET immigrationaustralia.info/index.php HTTP/1.0" 200 38545 "-" "Pingdom.com_bot_version_1.4_(http://www.pingdom.com)" 0 "x-httpd-php5-3" "/var/chroot/home/content/67/10830367/html/index.php" 409733
95.141.32.46 - - [06/Jun/2013:06:34:38 -0700] "GET immigrationaustralia.info/index.php HTTP/1.0" 200 38544 "-" "Pingdom.com_bot_version_1.4_(http://www.pingdom.com)" 0 "x-httpd-php5-3" "/var/chroot/home/content/67/10830367/html/index.php" 529797
76.72.172.208 - - [06/Jun/2013:06:39:38 -0700] "GET immigrationaustralia.info/index.php HTTP/1.0" 200 38544 "-" "Pingdom.com_bot_version_1.4_(http://www.pingdom.com)" 0 "x-httpd-php5-3" "/var/chroot/home/content/67/10830367/html/index.php" 428899
95.141.32.46 - - [06/Jun/2013:06:43:38 -0700] "GET immigrationaustralia.info/index.php HTTP/1.0" 200 38565 "-" "Pingdom.com_bot_version_1.4_(http://www.pingdom.com)" 0 "x-httpd-php5-3" "/var/chroot/home/content/67/10830367/html/index.php" 575925
76.72.172.208 - - [06/Jun/2013:06:48:38 -0700] "GET immigrationaustralia.info/index.php HTTP/1.0" 200 38538 "-" "Pingdom.com_bot_version_1.4_(http://www.pingdom.com)" 0 "x-httpd-php5-3" "/var/chroot/home/content/67/10830367/html/index.php" 403514
209.250.22.172 - - [06/Jun/2013:06:51:36 -0700] "GET www.immigrationaustralia.info/user-249.html?action=profile&uid=249 HTTP/1.0" 403 3741 "http://www.immigrationaustralia.info/" "Mozilla/4.0 (compatible; MSIE 7.0; Windows NT 5.1; Trident/4.0; .NET CLR 2.0.50727; .NET CLR 3.0.4506.2152; .NET CLR 3.5.30729)" 0 "redirect-handler" "/var/chroot/home/content/67/10830367/html/member.php" 282247
95.141.32.46 - - [06/Jun/2013:06:52:39 -0700] "GET immigrationaustralia.info/index.php HTTP/1.0" 200 38540 "-" "Pingdom.com_bot_version_1.4_(http://www.pingdom.com)" 0 "x-httpd-php5-3" "/var/chroot/home/content/67/10830367/html/index.php" 567248
76.72.172.208 - - [06/Jun/2013:06:57:38 -0700] "GET immigrationaustralia.info/index.php HTTP/1.0" 200 38561 "-" "Pingdom.com_bot_version_1.4_(http://www.pingdom.com)" 0 "x-httpd-php5-3" "/var/chroot/home/content/67/10830367/html/index.php" 450732
95.141.32.46 - - [06/Jun/2013:07:01:38 -0700] "GET immigrationaustralia.info/index.php HTTP/1.0" 200 38540 "-" "Pingdom.com_bot_version_1.4_(http://www.pingdom.com)" 0 "x-httpd-php5-3" "/var/chroot/home/content/67/10830367/html/index.php" 517720
78.40.124.16 - - [06/Jun/2013:07:08:38 -0700] "GET immigrationaustralia.info/index.php HTTP/1.0" 200 38545 "-" "Pingdom.com_bot_version_1.4_(http://www.pingdom.com)" 0 "x-httpd-php5-3" "/var/chroot/home/content/67/10830367/html/index.php" 1129171
208.115.113.82 - - [06/Jun/2013:07:13:21 -0700] "GET www.immigrationaustralia.info/australian-universities-improve-world-standing.thread?google_seo_thread=australian-universities-improve-world-standing&pid=110 HTTP/1.1" 200 22885 "-" "Mozilla/5.0 (compatible; Ezooms/1.0; ezooms.bot@gmail.com)" 0 "redirect-handler" "/var/chroot/home/content/67/10830367/html/showthread.php" 879932
78.40.124.16 - - [06/Jun/2013:07:17:38 -0700] "GET immigrationaustralia.info/index.php HTTP/1.0" 200 38540 "-" "Pingdom.com_bot_version_1.4_(http://www.pingdom.com)" 0 "x-httpd-php5-3" "/var/chroot/home/content/67/10830367/html/index.php" 331674
78.40.124.16 - - [06/Jun/2013:07:26:38 -0700] "GET immigrationaustralia.info/index.php HTTP/1.0" 200 38540 "-" "Pingdom.com_bot_version_1.4_(http://www.pingdom.com)" 0 "x-httpd-php5-3" "/var/chroot/home/content/67/10830367/html/index.php" 574298
78.40.124.16 - - [06/Jun/2013:07:35:38 -0700] "GET immigrationaustralia.info/index.php HTTP/1.0" 200 38540 "-" "Pingdom.com_bot_version_1.4_(http://www.pingdom.com)" 0 "x-httpd-php5-3" "/var/chroot/home/content/67/10830367/html/index.php" 478948
78.40.124.16 - - [06/Jun/2013:07:44:42 -0700] "GET immigrationaustralia.info/index.php HTTP/1.0" 200 38540 "-" "Pingdom.com_bot_version_1.4_(http://www.pingdom.com)" 0 "x-httpd-php5-3" "/var/chroot/home/content/67/10830367/html/index.php" 504629
66.249.74.226 - - [06/Jun/2013:07:44:47 -0700] "GET www.immigrationaustralia.info/calendar-1-week-1336348800.html?action=weekview&calendar=1&week=1336348800 HTTP/1.1" 200 4161 "-" "Mozilla/5.0 (compatible; Googlebot/2.1; +http://www.google.com/bot.html)" 0 "redirect-handler" "/var/chroot/home/content/67/10830367/html/calendar.php" 147893
78.40.124.16 - - [06/Jun/2013:07:53:38 -0700] "GET immigrationaustralia.info/index.php HTTP/1.0" 200 38553 "-" "Pingdom.com_bot_version_1.4_(http://www.pingdom.com)" 0 "x-httpd-php5-3" "/var/chroot/home/content/67/10830367/html/index.php" 522266
66.249.74.226 - - [06/Jun/2013:08:00:01 -0700] "GET www.immigrationaustralia.info/cache/themes/theme5/global.css HTTP/1.1" 200 3179 "-" "Mozilla/5.0 (compatible; Googlebot/2.1; +http://www.google.com/bot.html)" 0 "-" "/var/chroot/home/content/67/10830367/html/cache/themes/theme5/global.css" 137203
69.147.240.127 - - [06/Jun/2013:08:01:00 -0700] "GET www.immigrationaustralia.info/index.php HTTP/1.0" 200 7403 "http://beozzie.com/" "Mozilla/4.0 (compatible; MSIE 6.0; MSIE 5.5; Windows NT 5.0) Opera 7.02 Bork-edition [en]" 0 "x-httpd-php5-3" "/var/chroot/home/content/67/10830367/html/index.php" 360335
78.40.124.16 - - [06/Jun/2013:08:02:38 -0700] "GET immigrationaustralia.info/index.php HTTP/1.0" 200 38540 "-" "Pingdom.com_bot_version_1.4_(http://www.pingdom.com)" 0 "x-httpd-php5-3" "/var/chroot/home/content/67/10830367/html/index.php" 298532
72.46.140.106 - - [06/Jun/2013:08:08:38 -0700] "GET immigrationaustralia.info/index.php HTTP/1.0" 200 38540 "-" "Pingdom.com_bot_version_1.4_(http://www.pingdom.com)" 0 "x-httpd-php5-3" "/var/chroot/home/content/67/10830367/html/index.php" 505325
123.125.71.82 - - [06/Jun/2013:08:08:51 -0700] "GET immigrationaustralia.info/457-reform-discussion-paper-released.thread?google_seo_thread=457-reform-discussion-paper-released&action=lastpost HTTP/1.1" 301 326 "-" "Mozilla/5.0 (compatible; Baiduspider/2.0; +http://www.baidu.com/search/spider.html)" 0 "redirect-handler" "/var/chroot/home/content/67/10830367/html/showthread.php" 148563
91.109.115.41 - - [06/Jun/2013:08:15:38 -0700] "GET immigrationaustralia.info/index.php HTTP/1.0" 200 38545 "-" "Pingdom.com_bot_version_1.4_(http://www.pingdom.com)" 0 "x-httpd-php5-3" "/var/chroot/home/content/67/10830367/html/index.php" 528858
72.46.140.106 - - [06/Jun/2013:08:17:38 -0700] "GET immigrationaustralia.info/index.php HTTP/1.0" 200 38545 "-" "Pingdom.com_bot_version_1.4_(http://www.pingdom.com)" 0 "x-httpd-php5-3" "/var/chroot/home/content/67/10830367/html/index.php" 299848
91.109.115.41 - - [06/Jun/2013:08:24:38 -0700] "GET immigrationaustralia.info/index.php HTTP/1.0" 200 38540 "-" "Pingdom.com_bot_version_1.4_(http://www.pingdom.com)" 0 "x-httpd-php5-3" "/var/chroot/home/content/67/10830367/html/index.php" 553838
72.46.140.106 - - [06/Jun/2013:08:26:39 -0700] "GET immigrationaustralia.info/index.php HTTP/1.0" 200 38540 "-" "Pingdom.com_bot_version_1.4_(http://www.pingdom.com)" 0 "x-httpd-php5-3" "/var/chroot/home/content/67/10830367/html/index.php" 416737
91.109.115.41 - - [06/Jun/2013:08:33:38 -0700] "GET immigrationaustralia.info/index.php HTTP/1.0" 200 38538 "-" "Pingdom.com_bot_version_1.4_(http://www.pingdom.com)" 0 "x-httpd-php5-3" "/var/chroot/home/content/67/10830367/html/index.php" 520262
72.46.140.106 - - [06/Jun/2013:08:35:38 -0700] "GET immigrationaustralia.info/index.php HTTP/1.0" 200 38538 "-" "Pingdom.com_bot_version_1.4_(http://www.pingdom.com)" 0 "x-httpd-php5-3" "/var/chroot/home/content/67/10830367/html/index.php" 310531
91.109.115.41 - - [06/Jun/2013:08:42:38 -0700] "GET immigrationaustralia.info/index.php HTTP/1.0" 200 38538 "-" "Pingdom.com_bot_version_1.4_(http://www.pingdom.com)" 0 "x-httpd-php5-3" "/var/chroot/home/content/67/10830367/html/index.php" 512419
46.161.41.24 - - [06/Jun/2013:08:42:51 -0700] "GET www.immigrationaustralia.info/user-236.html?action=profile&uid=236 HTTP/1.1" 403 3940 "-" "Mozilla/4.0 (compatible; MSIE 6.0; MSIE 5.5; Windows 95) Opera 7.03 [de]" 0 "redirect-handler" "/var/chroot/home/content/67/10830367/html/member.php" 112173
72.46.140.106 - - [06/Jun/2013:08:44:41 -0700] "GET immigrationaustralia.info/index.php HTTP/1.0" 200 38540 "-" "Pingdom.com_bot_version_1.4_(http://www.pingdom.com)" 0 "x-httpd-php5-3" "/var/chroot/home/content/67/10830367/html/index.php" 326015
91.109.115.41 - - [06/Jun/2013:08:51:38 -0700] "GET immigrationaustralia.info/index.php HTTP/1.0" 200 38540 "-" "Pingdom.com_bot_version_1.4_(http://www.pingdom.com)" 0 "x-httpd-php5-3" "/var/chroot/home/content/67/10830367/html/index.php" 761143
72.46.140.106 - - [06/Jun/2013:08:53:38 -0700] "GET immigrationaustralia.info/index.php HTTP/1.0" 200 38540 "-" "Pingdom.com_bot_version_1.4_(http://www.pingdom.com)" 0 "x-httpd-php5-3" "/var/chroot/home/content/67/10830367/html/index.php" 332678
91.109.115.41 - - [06/Jun/2013:09:00:38 -0700] "GET immigrationaustralia.info/index.php HTTP/1.0" 200 38538 "-" "Pingdom.com_bot_version_1.4_(http://www.pingdom.com)" 0 "x-httpd-php5-3" "/var/chroot/home/content/67/10830367/html/index.php" 697680
72.46.140.106 - - [06/Jun/2013:09:02:38 -0700] "GET immigrationaustralia.info/index.php HTTP/1.0" 200 38538 "-" "Pingdom.com_bot_version_1.4_(http://www.pingdom.com)" 0 "x-httpd-php5-3" "/var/chroot/home/content/67/10830367/html/index.php" 308859
91.109.115.41 - - [06/Jun/2013:09:09:38 -0700] "GET immigrationaustralia.info/index.php HTTP/1.0" 200 38540 "-" "Pingdom.com_bot_version_1.4_(http://www.pingdom.com)" 0 "x-httpd-php5-3" "/var/chroot/home/content/67/10830367/html/index.php" 701672
95.141.32.46 - - [06/Jun/2013:09:16:38 -0700] "GET immigrationaustralia.info/index.php HTTP/1.0" 200 38540 "-" "Pingdom.com_bot_version_1.4_(http://www.pingdom.com)" 0 "x-httpd-php5-3" "/var/chroot/home/content/67/10830367/html/index.php" 520721
91.109.115.41 - - [06/Jun/2013:09:18:38 -0700] "GET immigrationaustralia.info/index.php HTTP/1.0" 200 38540 "-" "Pingdom.com_bot_version_1.4_(http://www.pingdom.com)" 0 "x-httpd-php5-3" "/var/chroot/home/content/67/10830367/html/index.php" 482668
95.141.32.46 - - [06/Jun/2013:09:25:41 -0700] "GET immigrationaustralia.info/index.php HTTP/1.0" 200 38540 "-" "Pingdom.com_bot_version_1.4_(http://www.pingdom.com)" 0 "x-httpd-php5-3" "/var/chroot/home/content/67/10830367/html/index.php" 833715
91.109.115.41 - - [06/Jun/2013:09:27:38 -0700] "GET immigrationaustralia.info/index.php HTTP/1.0" 200 38540 "-" "Pingdom.com_bot_version_1.4_(http://www.pingdom.com)" 0 "x-httpd-php5-3" "/var/chroot/home/content/67/10830367/html/index.php" 507158
95.141.32.46 - - [06/Jun/2013:09:34:39 -0700] "GET immigrationaustralia.info/index.php HTTP/1.0" 200 38540 "-" "Pingdom.com_bot_version_1.4_(http://www.pingdom.com)" 0 "x-httpd-php5-3" "/var/chroot/home/content/67/10830367/html/index.php" 513733
91.109.115.41 - - [06/Jun/2013:09:36:38 -0700] "GET immigrationaustralia.info/index.php HTTP/1.0" 200 38561 "-" "Pingdom.com_bot_version_1.4_(http://www.pingdom.com)" 0 "x-httpd-php5-3" "/var/chroot/home/content/67/10830367/html/index.php" 485304
95.141.32.46 - - [06/Jun/2013:09:43:38 -0700] "GET immigrationaustralia.info/index.php HTTP/1.0" 200 38561 "-" "Pingdom.com_bot_version_1.4_(http://www.pingdom.com)" 0 "x-httpd-php5-3" "/var/chroot/home/content/67/10830367/html/index.php" 530276
66.249.74.226 - - [06/Jun/2013:09:43:50 -0700] "GET www.immigrationaustralia.info/index.php HTTP/1.1" 200 7174 "-" "Mozilla/5.0 (compatible; Googlebot/2.1; +http://www.google.com/bot.html)" 0 "x-httpd-php5-3" "/var/chroot/home/content/67/10830367/html/index.php" 131502
91.109.115.41 - - [06/Jun/2013:09:45:38 -0700] "GET immigrationaustralia.info/index.php HTTP/1.0" 200 38546 "-" "Pingdom.com_bot_version_1.4_(http://www.pingdom.com)" 0 "x-httpd-php5-3" "/var/chroot/home/content/67/10830367/html/index.php" 474803
61.150.43.124 - - [06/Jun/2013:09:51:15 -0700] "GET www.immigrationaustralia.info/www.immigrationaustralia.info/http://www.immigrationaustralia.info//forum-transport-shipping?google_seo_error=404 HTTP/1.0" 404 8499 "http://www.immigrationaustralia.info//www.immigrationaustralia.info/http://www.immigrationaustralia.info//forum-transport-shipping" "Mozilla/4.0 (compatible; MSIE 8.0; Windows NT 5.1; Trident/4.0)" 0 "-" "/var/chroot/home/content/67/10830367/html/misc.php" 153965
61.150.43.124 - - [06/Jun/2013:09:51:18 -0700] "GET www.immigrationaustralia.info/http://www.immigrationaustralia.info//forum-general?google_seo_error=404 HTTP/1.0" 404 8621 "http://www.immigrationaustralia.info/forum-general" "Mozilla/4.0 (compatible; MSIE 8.0; Windows NT 5.1; Trident/4.0)" 0 "-" "/var/chroot/home/content/67/10830367/html/misc.php" 56919
61.150.43.124 - - [06/Jun/2013:09:51:25 -0700] "GET www.immigrationaustralia.info/www.immigrationaustralia.info/http://www.immigrationaustralia.info//forum-general?google_seo_error=404 HTTP/1.0" 404 8499 "http://www.immigrationaustralia.info//www.immigrationaustralia.info/http://www.immigrationaustralia.info//forum-general" "Mozilla/4.0 (compatible; MSIE 8.0; Windows NT 5.1; Trident/4.0)" 0 "-" "/var/chroot/home/content/67/10830367/html/misc.php" 60549
61.150.43.124 - - [06/Jun/2013:09:51:27 -0700] "GET www.immigrationaustralia.info/http://www.immigrationaustralia.info//forum-welcome?google_seo_error=404 HTTP/1.0" 404 8499 "http://www.immigrationaustralia.info/forum-welcome" "Mozilla/4.0 (compatible; MSIE 8.0; Windows NT 5.1; Trident/4.0)" 0 "-" "/var/chroot/home/content/67/10830367/html/misc.php" 62677
61.150.43.124 - - [06/Jun/2013:09:51:35 -0700] "GET www.immigrationaustralia.info/www.immigrationaustralia.info/http://www.immigrationaustralia.info//forum-welcome?google_seo_error=404 HTTP/1.0" 404 8499 "http://www.immigrationaustralia.info//www.immigrationaustralia.info/http://www.immigrationaustralia.info//forum-welcome" "Mozilla/4.0 (compatible; MSIE 8.0; Windows NT 5.1; Trident/4.0)" 0 "-" "/var/chroot/home/content/67/10830367/html/misc.php" 52141
61.150.43.124 - - [06/Jun/2013:09:51:39 -0700] "GET www.immigrationaustralia.info/http://www.immigrationaustralia.info//forum-moving-back?google_seo_error=404 HTTP/1.0" 404 8499 "http://www.immigrationaustralia.info/forum-moving-back" "Mozilla/4.0 (compatible; MSIE 8.0; Windows NT 5.1; Trident/4.0)" 0 "-" "/var/chroot/home/content/67/10830367/html/misc.php" 72137
61.150.43.124 - - [06/Jun/2013:09:51:44 -0700] "GET www.immigrationaustralia.info/www.immigrationaustralia.info/http://www.immigrationaustralia.info//forum-moving-back?google_seo_error=404 HTTP/1.0" 404 8499 "http://www.immigrationaustralia.info//www.immigrationaustralia.info/http://www.immigrationaustralia.info//forum-moving-back" "Mozilla/4.0 (compatible; MSIE 8.0; Windows NT 5.1; Trident/4.0)" 0 "-" "/var/chroot/home/content/67/10830367/html/misc.php" 67516
61.150.43.124 - - [06/Jun/2013:09:51:48 -0700] "GET www.immigrationaustralia.info/http://www.immigrationaustralia.info//forum-comics?google_seo_error=404 HTTP/1.0" 404 8499 "http://www.immigrationaustralia.info/forum-comics" "Mozilla/4.0 (compatible; MSIE 8.0; Windows NT 5.1; Trident/4.0)" 0 "-" "/var/chroot/home/content/67/10830367/html/misc.php" 70973
61.150.43.124 - - [06/Jun/2013:09:51:57 -0700] "GET www.immigrationaustralia.info/www.immigrationaustralia.info/http://www.immigrationaustralia.info//forum-comics?google_seo_error=404 HTTP/1.0" 404 8499 "http://www.immigrationaustralia.info//www.immigrationaustralia.info/http://www.immigrationaustralia.info//forum-comics" "Mozilla/4.0 (compatible; MSIE 8.0; Windows NT 5.1; Trident/4.0)" 0 "-" "/var/chroot/home/content/67/10830367/html/misc.php" 832580
61.150.43.124 - - [06/Jun/2013:09:52:04 -0700] "GET www.immigrationaustralia.info/http://www.immigrationaustralia.info//forum-living-in-australia?google_seo_error=404 HTTP/1.0" 404 8499 "http://www.immigrationaustralia.info/forum-living-in-australia" "Mozilla/4.0 (compatible; MSIE 8.0; Windows NT 5.1; Trident/4.0)" 0 "-" "/var/chroot/home/content/67/10830367/html/misc.php" 361607
61.150.43.124 - - [06/Jun/2013:09:52:16 -0700] "GET www.immigrationaustralia.info/www.immigrationaustralia.info/http://www.immigrationaustralia.info//forum-living-in-australia?google_seo_error=404 HTTP/1.0" 404 8499 "http://www.immigrationaustralia.info//www.immigrationaustralia.info/http://www.immigrationaustralia.info//forum-living-in-australia" "Mozilla/4.0 (compatible; MSIE 8.0; Windows NT 5.1; Trident/4.0)" 0 "-" "/var/chroot/home/content/67/10830367/html/misc.php" 62269
61.150.43.124 - - [06/Jun/2013:09:52:19 -0700] "GET www.immigrationaustralia.info/http://www.immigrationaustralia.info//forum-money-finances?google_seo_error=404 HTTP/1.0" 404 8499 "http://www.immigrationaustralia.info/forum-money-finances" "Mozilla/4.0 (compatible; MSIE 8.0; Windows NT 5.1; Trident/4.0)" 0 "-" "/var/chroot/home/content/67/10830367/html/misc.php" 78801
61.150.43.124 - - [06/Jun/2013:09:52:23 -0700] "GET www.immigrationaustralia.info/www.immigrationaustralia.info/http://www.immigrationaustralia.info//forum-money-finances?google_seo_error=404 HTTP/1.0" 404 8499 "http://www.immigrationaustralia.info//www.immigrationaustralia.info/http://www.immigrationaustralia.info//forum-money-finances" "Mozilla/4.0 (compatible; MSIE 8.0; Windows NT 5.1; Trident/4.0)" 0 "-" "/var/chroot/home/content/67/10830367/html/misc.php" 60366
61.150.43.124 - - [06/Jun/2013:09:52:35 -0700] "GET www.immigrationaustralia.info/http://www.immigrationaustralia.info//forum-education?google_seo_error=404 HTTP/1.0" 404 8499 "http://www.immigrationaustralia.info/forum-education" "Mozilla/4.0 (compatible; MSIE 8.0; Windows NT 5.1; Trident/4.0)" 0 "-" "/var/chroot/home/content/67/10830367/html/misc.php" 67329
95.141.32.46 - - [06/Jun/2013:09:52:38 -0700] "GET immigrationaustralia.info/index.php HTTP/1.0" 200 38546 "-" "Pingdom.com_bot_version_1.4_(http://www.pingdom.com)" 0 "x-httpd-php5-3" "/var/chroot/home/content/67/10830367/html/index.php" 448583
61.150.43.124 - - [06/Jun/2013:09:52:52 -0700] "GET www.immigrationaustralia.info/www.immigrationaustralia.info/http://www.immigrationaustralia.info//forum-education?google_seo_error=404 HTTP/1.0" 404 8499 "http://www.immigrationaustralia.info//www.immigrationaustralia.info/http://www.immigrationaustralia.info//forum-education" "Mozilla/4.0 (compatible; MSIE 8.0; Windows NT 5.1; Trident/4.0)" 0 "-" "/var/chroot/home/content/67/10830367/html/misc.php" 58352
61.150.43.124 - - [06/Jun/2013:09:52:57 -0700] "GET www.immigrationaustralia.info/http://www.immigrationaustralia.info//forum-jobs?google_seo_error=404 HTTP/1.0" 404 8499 "http://www.immigrationaustralia.info/forum-jobs" "Mozilla/4.0 (compatible; MSIE 8.0; Windows NT 5.1; Trident/4.0)" 0 "-" "/var/chroot/home/content/67/10830367/html/misc.php" 234337
61.150.43.124 - - [06/Jun/2013:09:53:02 -0700] "GET www.immigrationaustralia.info/www.immigrationaustralia.info/http://www.immigrationaustralia.info//forum-jobs?google_seo_error=404 HTTP/1.0" 404 8499 "http://www.immigrationaustralia.info//www.immigrationaustralia.info/http://www.immigrationaustralia.info//forum-jobs" "Mozilla/4.0 (compatible; MSIE 8.0; Windows NT 5.1; Trident/4.0)" 0 "-" "/var/chroot/home/content/67/10830367/html/misc.php" 117610
61.150.43.124 - - [06/Jun/2013:09:53:05 -0700] "GET www.immigrationaustralia.info/http://www.immigrationaustralia.info//forum-renting-real-estate?google_seo_error=404 HTTP/1.0" 404 8499 "http://www.immigrationaustralia.info/forum-renting-real-estate" "Mozilla/4.0 (compatible; MSIE 8.0; Windows NT 5.1; Trident/4.0)" 0 "-" "/var/chroot/home/content/67/10830367/html/misc.php" 90262
61.150.43.124 - - [06/Jun/2013:09:53:10 -0700] "GET www.immigrationaustralia.info/www.immigrationaustralia.info/http://www.immigrationaustralia.info//forum-renting-real-estate?google_seo_error=404 HTTP/1.0" 404 8499 "http://www.immigrationaustralia.info//www.immigrationaustralia.info/http://www.immigrationaustralia.info//forum-renting-real-estate" "Mozilla/4.0 (compatible; MSIE 8.0; Windows NT 5.1; Trident/4.0)" 0 "-" "/var/chroot/home/content/67/10830367/html/misc.php" 76871
61.150.43.124 - - [06/Jun/2013:09:53:17 -0700] "GET www.immigrationaustralia.info/http://www.immigrationaustralia.info//forum-arround-the-house?google_seo_error=404 HTTP/1.0" 404 8499 "http://www.immigrationaustralia.info/forum-arround-the-house" "Mozilla/4.0 (compatible; MSIE 8.0; Windows NT 5.1; Trident/4.0)" 0 "-" "/var/chroot/home/content/67/10830367/html/misc.php" 55327
61.150.43.124 - - [06/Jun/2013:09:53:24 -0700] "GET www.immigrationaustralia.info/www.immigrationaustralia.info/http://www.immigrationaustralia.info//forum-arround-the-house?google_seo_error=404 HTTP/1.0" 404 8499 "http://www.immigrationaustralia.info//www.immigrationaustralia.info/http://www.immigrationaustralia.info//forum-arround-the-house" "Mozilla/4.0 (compatible; MSIE 8.0; Windows NT 5.1; Trident/4.0)" 0 "-" "/var/chroot/home/content/67/10830367/html/misc.php" 257129
61.150.43.124 - - [06/Jun/2013:09:53:32 -0700] "GET www.immigrationaustralia.info/http://www.immigrationaustralia.info//forum-weather-in-australia?google_seo_error=404 HTTP/1.0" 404 8499 "http://www.immigrationaustralia.info/forum-weather-in-australia" "Mozilla/4.0 (compatible; MSIE 8.0; Windows NT 5.1; Trident/4.0)" 0 "-" "/var/chroot/home/content/67/10830367/html/misc.php" 88689
61.150.43.124 - - [06/Jun/2013:09:53:38 -0700] "GET www.immigrationaustralia.info/www.immigrationaustralia.info/http://www.immigrationaustralia.info//forum-weather-in-australia?google_seo_error=404 HTTP/1.0" 404 8499 "http://www.immigrationaustralia.info//www.immigrationaustralia.info/http://www.immigrationaustralia.info//forum-weather-in-australia" "Mozilla/4.0 (compatible; MSIE 8.0; Windows NT 5.1; Trident/4.0)" 0 "-" "/var/chroot/home/content/67/10830367/html/misc.php" 53116
61.150.43.124 - - [06/Jun/2013:09:53:53 -0700] "GET www.immigrationaustralia.info/http://www.immigrationaustralia.info//forum-media?google_seo_error=404 HTTP/1.0" 404 8499 "http://www.immigrationaustralia.info/forum-media" "Mozilla/4.0 (compatible; MSIE 8.0; Windows NT 5.1; Trident/4.0)" 0 "-" "/var/chroot/home/content/67/10830367/html/misc.php" 69219
61.150.43.124 - - [06/Jun/2013:09:53:59 -0700] "GET www.immigrationaustralia.info/www.immigrationaustralia.info/http://www.immigrationaustralia.info//forum-media?google_seo_error=404 HTTP/1.0" 404 8499 "http://www.immigrationaustralia.info//www.immigrationaustralia.info/http://www.immigrationaustralia.info//forum-media" "Mozilla/4.0 (compatible; MSIE 8.0; Windows NT 5.1; Trident/4.0)" 0 "-" "/var/chroot/home/content/67/10830367/html/misc.php" 71179
66.249.74.226 - - [06/Jun/2013:09:54:01 -0700] "GET www.immigrationaustralia.info/css.php?stylesheet=6 HTTP/1.1" 200 373 "-" "Mozilla/5.0 (compatible; Googlebot/2.1; +http://www.google.com/bot.html)" 0 "x-httpd-php5-3" "/var/chroot/home/content/67/10830367/html/css.php" 58291
61.150.43.124 - - [06/Jun/2013:09:54:05 -0700] "GET www.immigrationaustralia.info/http://www.immigrationaustralia.info//forum-pictures?google_seo_error=404 HTTP/1.0" 404 8499 "http://www.immigrationaustralia.info/forum-pictures" "Mozilla/4.0 (compatible; MSIE 8.0; Windows NT 5.1; Trident/4.0)" 0 "-" "/var/chroot/home/content/67/10830367/html/misc.php" 60318
61.150.43.124 - - [06/Jun/2013:09:54:09 -0700] "GET www.immigrationaustralia.info/www.immigrationaustralia.info/http://www.immigrationaustralia.info//forum-pictures?google_seo_error=404 HTTP/1.0" 404 8499 "http://www.immigrationaustralia.info//www.immigrationaustralia.info/http://www.immigrationaustralia.info//forum-pictures" "Mozilla/4.0 (compatible; MSIE 8.0; Windows NT 5.1; Trident/4.0)" 0 "-" "/var/chroot/home/content/67/10830367/html/misc.php" 554939
